Archive member included to satisfy reference by file (symbol)

C:/ST/STM32CubeIDE_1.17.0/STM32CubeIDE/plugins/com.st.stm32cube.ide.mcu.externaltools.gnu-tools-for-stm32.13.3.rel1.win32_1.0.0.202411081344/tools/bin/../lib/gcc/arm-none-eabi/13.3.1/../../../../arm-none-eabi/lib/thumb/v7e-m/nofp\libc_nano.a(libc_a-exit.o)
                              C:/ST/STM32CubeIDE_1.17.0/STM32CubeIDE/plugins/com.st.stm32cube.ide.mcu.externaltools.gnu-tools-for-stm32.13.3.rel1.win32_1.0.0.202411081344/tools/bin/../lib/gcc/arm-none-eabi/13.3.1/../../../../arm-none-eabi/lib/thumb/v7e-m/nofp/crt0.o (exit)
C:/ST/STM32CubeIDE_1.17.0/STM32CubeIDE/plugins/com.st.stm32cube.ide.mcu.externaltools.gnu-tools-for-stm32.13.3.rel1.win32_1.0.0.202411081344/tools/bin/../lib/gcc/arm-none-eabi/13.3.1/../../../../arm-none-eabi/lib/thumb/v7e-m/nofp\libc_nano.a(libc_a-findfp.o)
                              C:/ST/STM32CubeIDE_1.17.0/STM32CubeIDE/plugins/com.st.stm32cube.ide.mcu.externaltools.gnu-tools-for-stm32.13.3.rel1.win32_1.0.0.202411081344/tools/bin/../lib/gcc/arm-none-eabi/13.3.1/../../../../arm-none-eabi/lib/thumb/v7e-m/nofp\libc_nano.a(libc_a-exit.o) (__stdio_exit_handler)
C:/ST/STM32CubeIDE_1.17.0/STM32CubeIDE/plugins/com.st.stm32cube.ide.mcu.externaltools.gnu-tools-for-stm32.13.3.rel1.win32_1.0.0.202411081344/tools/bin/../lib/gcc/arm-none-eabi/13.3.1/../../../../arm-none-eabi/lib/thumb/v7e-m/nofp\libc_nano.a(libc_a-fwalk.o)
                              C:/ST/STM32CubeIDE_1.17.0/STM32CubeIDE/plugins/com.st.stm32cube.ide.mcu.externaltools.gnu-tools-for-stm32.13.3.rel1.win32_1.0.0.202411081344/tools/bin/../lib/gcc/arm-none-eabi/13.3.1/../../../../arm-none-eabi/lib/thumb/v7e-m/nofp\libc_nano.a(libc_a-findfp.o) (_fwalk_sglue)
C:/ST/STM32CubeIDE_1.17.0/STM32CubeIDE/plugins/com.st.stm32cube.ide.mcu.externaltools.gnu-tools-for-stm32.13.3.rel1.win32_1.0.0.202411081344/tools/bin/../lib/gcc/arm-none-eabi/13.3.1/../../../../arm-none-eabi/lib/thumb/v7e-m/nofp\libc_nano.a(libc_a-snprintf.o)
                              ./Core/Src/main.o (snprintf)
C:/ST/STM32CubeIDE_1.17.0/STM32CubeIDE/plugins/com.st.stm32cube.ide.mcu.externaltools.gnu-tools-for-stm32.13.3.rel1.win32_1.0.0.202411081344/tools/bin/../lib/gcc/arm-none-eabi/13.3.1/../../../../arm-none-eabi/lib/thumb/v7e-m/nofp\libc_nano.a(libc_a-sprintf.o)
                              ./Core/Src/main.o (sprintf)
C:/ST/STM32CubeIDE_1.17.0/STM32CubeIDE/plugins/com.st.stm32cube.ide.mcu.externaltools.gnu-tools-for-stm32.13.3.rel1.win32_1.0.0.202411081344/tools/bin/../lib/gcc/arm-none-eabi/13.3.1/../../../../arm-none-eabi/lib/thumb/v7e-m/nofp\libc_nano.a(libc_a-stdio.o)
                              C:/ST/STM32CubeIDE_1.17.0/STM32CubeIDE/plugins/com.st.stm32cube.ide.mcu.externaltools.gnu-tools-for-stm32.13.3.rel1.win32_1.0.0.202411081344/tools/bin/../lib/gcc/arm-none-eabi/13.3.1/../../../../arm-none-eabi/lib/thumb/v7e-m/nofp\libc_nano.a(libc_a-findfp.o) (__sread)
C:/ST/STM32CubeIDE_1.17.0/STM32CubeIDE/plugins/com.st.stm32cube.ide.mcu.externaltools.gnu-tools-for-stm32.13.3.rel1.win32_1.0.0.202411081344/tools/bin/../lib/gcc/arm-none-eabi/13.3.1/../../../../arm-none-eabi/lib/thumb/v7e-m/nofp\libc_nano.a(libc_a-memset.o)
                              C:/ST/STM32CubeIDE_1.17.0/STM32CubeIDE/plugins/com.st.stm32cube.ide.mcu.externaltools.gnu-tools-for-stm32.13.3.rel1.win32_1.0.0.202411081344/tools/bin/../lib/gcc/arm-none-eabi/13.3.1/../../../../arm-none-eabi/lib/thumb/v7e-m/nofp/crt0.o (memset)
C:/ST/STM32CubeIDE_1.17.0/STM32CubeIDE/plugins/com.st.stm32cube.ide.mcu.externaltools.gnu-tools-for-stm32.13.3.rel1.win32_1.0.0.202411081344/tools/bin/../lib/gcc/arm-none-eabi/13.3.1/../../../../arm-none-eabi/lib/thumb/v7e-m/nofp\libc_nano.a(libc_a-closer.o)
                              C:/ST/STM32CubeIDE_1.17.0/STM32CubeIDE/plugins/com.st.stm32cube.ide.mcu.externaltools.gnu-tools-for-stm32.13.3.rel1.win32_1.0.0.202411081344/tools/bin/../lib/gcc/arm-none-eabi/13.3.1/../../../../arm-none-eabi/lib/thumb/v7e-m/nofp\libc_nano.a(libc_a-stdio.o) (_close_r)
C:/ST/STM32CubeIDE_1.17.0/STM32CubeIDE/plugins/com.st.stm32cube.ide.mcu.externaltools.gnu-tools-for-stm32.13.3.rel1.win32_1.0.0.202411081344/tools/bin/../lib/gcc/arm-none-eabi/13.3.1/../../../../arm-none-eabi/lib/thumb/v7e-m/nofp\libc_nano.a(libc_a-reent.o)
                              C:/ST/STM32CubeIDE_1.17.0/STM32CubeIDE/plugins/com.st.stm32cube.ide.mcu.externaltools.gnu-tools-for-stm32.13.3.rel1.win32_1.0.0.202411081344/tools/bin/../lib/gcc/arm-none-eabi/13.3.1/../../../../arm-none-eabi/lib/thumb/v7e-m/nofp\libc_nano.a(libc_a-closer.o) (errno)
C:/ST/STM32CubeIDE_1.17.0/STM32CubeIDE/plugins/com.st.stm32cube.ide.mcu.externaltools.gnu-tools-for-stm32.13.3.rel1.win32_1.0.0.202411081344/tools/bin/../lib/gcc/arm-none-eabi/13.3.1/../../../../arm-none-eabi/lib/thumb/v7e-m/nofp\libc_nano.a(libc_a-impure.o)
[...]
Memory Configuration

Name             Origin             Length             Attributes
RAM              0x20000000         0x00010000         xrw
RAM2             0x10000000         0x00008000         xrw
FLASH            0x08000000         0x00040000         xr
*default*        0x00000000         0xffffffff

Linker script and memory map

LOAD C:/ST/STM32CubeIDE_1.17.0/STM32CubeIDE/plugins/com.st.stm32cube.ide.mcu.externaltools.gnu-tools-for-stm32.13.3.rel1.win32_1.0.0.202411081344/tools/bin/../lib/gcc/arm-none-eabi/13.3.1/thumb/v7e-m/nofp/crti.o
LOAD C:/ST/STM32CubeIDE_1.17.0/STM32CubeIDE/plugins/com.st.stm32cube.ide.mcu.externaltools.gnu-tools-for-stm32.13.3.rel1.win32_1.0.0.202411081344/tools/bin/../lib/gcc/arm-none-eabi/13.3.1/thumb/v7e-m/nofp/crtbegin.o
LOAD C:/ST/STM32CubeIDE_1.17.0/STM32CubeIDE/plugins/com.st.stm32cube.ide.mcu.externaltools.gnu-tools-for-stm32.13.3.rel1.win32_1.0.0.202411081344/tools/bin/../lib/gcc/arm-none-eabi/13.3.1/../../../../arm-none-eabi/lib/thumb/v7e-m/nofp/crt0.o
LOAD ./Core/Src/gpio.o
LOAD ./Core/Src/main.o
LOAD ./Core/Src/stm32wlxx_hal_msp.o
LOAD ./Core/Src/stm32wlxx_it.o
LOAD ./Core/Src/subghz.o
LOAD ./Core/Src/syscalls.o
LOAD ./Core/Src/sysmem.o
LOAD ./Core/Src/system_stm32wlxx.o
LOAD ./Core/Src/usart.o
LOAD ./Core/Startup/startup_stm32wl55jcix.o
LOAD ./Drivers/BSP/STM32WLxx_Nucleo/stm32wlxx_nucleo.o
LOAD ./Drivers/BSP/STM32WLxx_Nucleo/stm32wlxx_nucleo_radio.o
LOAD ./Drivers/Radio_Driver/radio_board_if.o
LOAD ./Drivers/Radio_Driver/radio_driver.o
LOAD ./Drivers/STM32WLxx_HAL_Driver/Src/stm32wlxx_hal.o
LOAD ./Drivers/STM32WLxx_HAL_Driver/Src/stm32wlxx_hal_cortex.o
LOAD ./Drivers/STM32WLxx_HAL_Driver/Src/stm32wlxx_hal_dma.o
LOAD ./Drivers/STM32WLxx_HAL_Driver/Src/stm32wlxx_hal_dma_ex.o
LOAD ./Drivers/STM32WLxx_HAL_Driver/Src/stm32wlxx_hal_exti.o
LOAD ./Drivers/STM32WLxx_HAL_Driver/Src/stm32wlxx_hal_flash.o
LOAD ./Drivers/STM32WLxx_HAL_Driver/Src/stm32wlxx_hal_flash_ex.o
LOAD ./Drivers/STM32WLxx_HAL_Driver/Src/stm32wlxx_hal_gpio.o
LOAD ./Drivers/STM32WLxx_HAL_Driver/Src/stm32wlxx_hal_pwr.o
LOAD ./Drivers/STM32WLxx_HAL_Driver/Src/stm32wlxx_hal_pwr_ex.o
LOAD ./Drivers/STM32WLxx_HAL_Driver/Src/stm32wlxx_hal_rcc.o
LOAD ./Drivers/STM32WLxx_HAL_Driver/Src/stm32wlxx_hal_rcc_ex.o
LOAD ./Drivers/STM32WLxx_HAL_Driver/Src/stm32wlxx_hal_subghz.o
LOAD ./Drivers/STM32WLxx_HAL_Driver/Src/stm32wlxx_hal_uart.o
LOAD ./Drivers/STM32WLxx_HAL_Driver/Src/stm32wlxx_hal_uart_ex.o
LOAD ./Utils/misc/stm32_mem.o
START GROUP
LOAD C:/ST/STM32CubeIDE_1.17.0/STM32CubeIDE/plugins/com.st.stm32cube.ide.mcu.externaltools.gnu-tools-for-stm32.13.3.rel1.win32_1.0.0.202411081344/tools/bin/../lib/gcc/arm-none-eabi/13.3.1/../../../../arm-none-eabi/lib/thumb/v7e-m/nofp\libc_nano.a
LOAD C:/ST/STM32CubeIDE_1.17.0/STM32CubeIDE/plugins/com.st.stm32cube.ide.mcu.externaltools.gnu-tools-for-stm32.13.3.rel1.win32_1.0.0.202411081344/tools/bin/../lib/gcc/arm-none-eabi/13.3.1/../../../../arm-none-eabi/lib/thumb/v7e-m/nofp\libm.a
END GROUP
START GROUP
LOAD C:/ST/STM32CubeIDE_1.17.0/STM32CubeIDE/plugins/com.st.stm32cube.ide.mcu.externaltools.gnu-tools-for-stm32.13.3.rel1.win32_1.0.0.202411081344/tools/bin/../lib/gcc/arm-none-eabi/13.3.1/thumb/v7e-m/nofp\libgcc.a
LOAD C:/ST/STM32CubeIDE_1.17.0/STM32CubeIDE/plugins/com.st.stm32cube.ide.mcu.externaltools.gnu-tools-for-stm32.13.3.rel1.win32_1.0.0.202411081344/tools/bin/../lib/gcc/arm-none-eabi/13.3.1/../../../../arm-none-eabi/lib/thumb/v7e-m/nofp\libc_nano.a
END GROUP
START GROUP
LOAD C:/ST/STM32CubeIDE_1.17.0/STM32CubeIDE/plugins/com.st.stm32cube.ide.mcu.externaltools.gnu-tools-for-stm32.13.3.rel1.win32_1.0.0.202411081344/tools/bin/../lib/gcc/arm-none-eabi/13.3.1/thumb/v7e-m/nofp\libgcc.a
LOAD C:/ST/STM32CubeIDE_1.17.0/STM32CubeIDE/plugins/com.st.stm32cube.ide.mcu.externaltools.gnu-tools-for-stm32.13.3.rel1.win32_1.0.0.202411081344/tools/bin/../lib/gcc/arm-none-eabi/13.3.1/../../../../arm-none-eabi/lib/thumb/v7e-m/nofp\libc_nano.a
LOAD C:/ST/STM32CubeIDE_1.17.0/STM32CubeIDE/plugins/com.st.stm32cube.ide.mcu.externaltools.gnu-tools-for-stm32.13.3.rel1.win32_1.0.0.202411081344/tools/bin/../lib/gcc/arm-none-eabi/13.3.1/../../../../arm-none-eabi/lib/thumb/v7e-m/nofp\libnosys.a
END GROUP
START GROUP
LOAD C:/ST/STM32CubeIDE_1.17.0/STM32CubeIDE/plugins/com.st.stm32cube.ide.mcu.externaltools.gnu-tools-for-stm32.13.3.rel1.win32_1.0.0.202411081344/tools/bin/../lib/gcc/arm-none-eabi/13.3.1/thumb/v7e-m/nofp\libgcc.a
LOAD C:/ST/STM32CubeIDE_1.17.0/STM32CubeIDE/plugins/com.st.stm32cube.ide.mcu.externaltools.gnu-tools-for-stm32.13.3.rel1.win32_1.0.0.202411081344/tools/bin/../lib/gcc/arm-none-eabi/13.3.1/../../../../arm-none-eabi/lib/thumb/v7e-m/nofp\libc_nano.a
LOAD C:/ST/STM32CubeIDE_1.17.0/STM32CubeIDE/plugins/com.st.stm32cube.ide.mcu.externaltools.gnu-tools-for-stm32.13.3.rel1.win32_1.0.0.202411081344/tools/bin/../lib/gcc/arm-none-eabi/13.3.1/../../../../arm-none-eabi/lib/thumb/v7e-m/nofp\libnosys.a
END GROUP
LOAD C:/ST/STM32CubeIDE_1.17.0/STM32CubeIDE/plugins/com.st.stm32cube.ide.mcu.externaltools.gnu-tools-for-stm32.13.3.rel1.win32_1.0.0.202411081344/tools/bin/../lib/gcc/arm-none-eabi/13.3.1/thumb/v7e-m/nofp/crtend.o
LOAD C:/ST/STM32CubeIDE_1.17.0/STM32CubeIDE/plugins/com.st.stm32cube.ide.mcu.externaltools.gnu-tools-for-stm32.13.3.rel1.win32_1.0.0.202411081344/tools/bin/../lib/gcc/arm-none-eabi/13.3.1/thumb/v7e-m/nofp/crtn.o
                0x20010000                        _estack = (ORIGIN (RAM) + LENGTH (RAM))
                0x00000200                        _Min_Heap_Size = 0x200
                0x00000400                        _Min_Stack_Size = 0x400

.isr_vector     0x08000000      0x138
                0x08000000                        . = ALIGN (0x4)
 *(.isr_vector)
 .isr_vector    0x08000000      0x138 ./Core/Startup/startup_stm32wl55jcix.o
                0x08000000                g_pfnVectors
                0x08000138                        . = ALIGN (0x4)

.text           0x08000140     0x756c
                0x08000140                        . = ALIGN (0x4)
 *(.text)
 .text          0x08000140       0x40 C:/ST/STM32CubeIDE_1.17.0/STM32CubeIDE/plugins/com.st.stm32cube.ide.mcu.externaltools.gnu-tools-for-stm32.13.3.rel1.win32_1.0.0.202411081344/tools/bin/../lib/gcc/arm-none-eabi/13.3.1/thumb/v7e-m/nofp/crtbegin.o
 .text          0x08000180       0x10 C:/ST/STM32CubeIDE_1.17.0/STM32CubeIDE/plugins/com.st.stm32cube.ide.mcu.externaltools.gnu-tools-for-stm32.13.3.rel1.win32_1.0.0.202411081344/tools/bin/../lib/gcc/arm-none-eabi/13.3.1/../../../../arm-none-eabi/lib/thumb/v7e-m/nofp\libc_nano.a(libc_a-strlen.o)
                0x08000180                strlen
 .text          0x08000190       0xa0 C:/ST/STM32CubeIDE_1.17.0/STM32CubeIDE/plugins/com.st.stm32cube.ide.mcu.externaltools.gnu-tools-for-stm32.13.3.rel1.win32_1.0.0.202411081344/tools/bin/../lib/gcc/arm-none-eabi/13.3.1/../../../../arm-none-eabi/lib/thumb/v7e-m/nofp\libc_nano.a(libc_a-memchr.o)
                0x08000190                memchr
 .text          0x08000230       0x30 C:/ST/STM32CubeIDE_1.17.0/STM32CubeIDE/plugins/com.st.stm32cube.ide.mcu.externaltools.gnu-tools-for-stm32.13.3.rel1.win32_1.0.0.202411081344/tools/bin/../lib/gcc/arm-none-eabi/13.3.1/thumb/v7e-m/nofp\libgcc.a(_aeabi_uldivmod.o)
                0x08000230                __aeabi_uldivmod
 .text          0x08000260      0x2f8 C:/ST/STM32CubeIDE_1.17.0/STM32CubeIDE/plugins/com.st.stm32cube.ide.mcu.externaltools.gnu-tools-for-stm32.13.3.rel1.win32_1.0.0.202411081344/tools/bin/../lib/gcc/arm-none-eabi/13.3.1/thumb/v7e-m/nofp\libgcc.a(_udivmoddi4.o)
                0x08000260                __udivmoddi4
 .text          0x08000558        0x4 C:/ST/STM32CubeIDE_1.17.0/STM32CubeIDE/plugins/com.st.stm32cube.ide.mcu.externaltools.gnu-tools-for-stm32.13.3.rel1.win32_1.0.0.202411081344/tools/bin/../lib/gcc/arm-none-eabi/13.3.1/thumb/v7e-m/nofp\libgcc.a(_dvmd_tls.o)
                0x08000558                __aeabi_idiv0
                0x08000558                __aeabi_ldiv0
 *(.text*)
 .text.LL_AHB2_GRP1_EnableClock
                0x0800055c       0x30 ./Core/Src/gpio.o
 .text.MX_GPIO_Init
                0x0800058c       0x50 ./Core/Src/gpio.o
                0x0800058c                MX_GPIO_Init
 .text.main     0x080005dc      0x12c ./Core/Src/main.o
                0x080005dc                main
 .text.SystemClock_Config
                0x08000708       0xa4 ./Core/Src/main.o
                0x08000708                SystemClock_Config
 .text.UART_Transmit
                0x080007ac       0x2c ./Core/Src/main.o
                0x080007ac                UART_Transmit
 .text.resetTerminal
                0x080007d8       0x34 ./Core/Src/main.o
                0x080007d8                resetTerminal
 .text.interruptTerminal
                0x0800080c       0x68 ./Core/Src/main.o
                0x0800080c                interruptTerminal
 .text.HAL_UART_RxCpltCallback
                0x08000874       0xbc ./Core/Src/main.o
                0x08000874                HAL_UART_RxCpltCallback
 .text.Radio_DIO_IRq_Callback_Handler
                0x08000930       0xf0 ./Core/Src/main.o
                0x08000930                Radio_DIO_IRq_Callback_Handler
 .text.Radio_Init
                0x08000a20       0xd4 ./Core/Src/main.o
                0x08000a20                Radio_Init
 .text.SUBGRF_Transmit
                0x08000af4       0x64 ./Core/Src/main.o
                0x08000af4                SUBGRF_Transmit
 .text.start_TX_mode
                0x08000b58       0x6c ./Core/Src/main.o
                0x08000b58                start_TX_mode
 .text.start_RX_mode
                0x08000bc4       0x4c ./Core/Src/main.o
                0x08000bc4                start_RX_mode
 .text.timeout_error_event
                0x08000c10       0x26 ./Core/Src/main.o
                0x08000c10                timeout_error_event
 .text.RX_done_event
                0x08000c36       0xcc ./Core/Src/main.o
                0x08000c36                RX_done_event
 .text.Error_Handler
                0x08000d02        0xc ./Core/Src/main.o
                0x08000d02                Error_Handler
 .text.HAL_MspInit
                0x08000d0e        0xc ./Core/Src/stm32wlxx_hal_msp.o
                0x08000d0e                HAL_MspInit
 .text.NMI_Handler
                0x08000d1a        0x8 ./Core/Src/stm32wlxx_it.o
                0x08000d1a                NMI_Handler
 .text.HardFault_Handler
                0x08000d22        0x8 ./Core/Src/stm32wlxx_it.o
                0x08000d22                HardFault_Handler
 .text.MemManage_Handler
                0x08000d2a        0x8 ./Core/Src/stm32wlxx_it.o
                0x08000d2a                MemManage_Handler
 .text.BusFault_Handler
                0x08000d32        0x8 ./Core/Src/stm32wlxx_it.o
                0x08000d32                BusFault_Handler
 .text.UsageFault_Handler
                0x08000d3a        0x8 ./Core/Src/stm32wlxx_it.o
                0x08000d3a                UsageFault_Handler
 .text.SVC_Handler
                0x08000d42        0xc ./Core/Src/stm32wlxx_it.o
                0x08000d42                SVC_Handler
 .text.DebugMon_Handler
                0x08000d4e        0xc ./Core/Src/stm32wlxx_it.o
                0x08000d4e                DebugMon_Handler
 .text.PendSV_Handler
                0x08000d5a        0xc ./Core/Src/stm32wlxx_it.o
                0x08000d5a                PendSV_Handler
 .text.SysTick_Handler
                0x08000d66        0xc ./Core/Src/stm32wlxx_it.o
                0x08000d66                SysTick_Handler
 *fill*         0x08000d72        0x2 
 .text.USART2_IRQHandler
                0x08000d74       0x14 ./Core/Src/stm32wlxx_it.o
                0x08000d74                USART2_IRQHandler
 .text.SUBGHZ_Radio_IRQHandler
                0x08000d88       0x14 ./Core/Src/stm32wlxx_it.o
                0x08000d88                SUBGHZ_Radio_IRQHandler
 .text.LL_APB3_GRP1_EnableClock
                0x08000d9c       0x30 ./Core/Src/subghz.o
 .text.MX_SUBGHZ_Init
                0x08000dcc       0x24 ./Core/Src/subghz.o
                0x08000dcc                MX_SUBGHZ_Init
 .text.HAL_SUBGHZ_MspInit
                0x08000df0       0x26 ./Core/Src/subghz.o
                0x08000df0                HAL_SUBGHZ_MspInit
 *fill*         0x08000e16        0x2 
 .text._sbrk    0x08000e18       0x6c ./Core/Src/sysmem.o
                0x08000e18                _sbrk
 .text.SystemInit
                0x08000e84        0xc ./Core/Src/system_stm32wlxx.o
                0x08000e84                SystemInit
 .text.LL_AHB2_GRP1_EnableClock
                0x08000e90       0x30 ./Core/Src/usart.o
 .text.LL_APB1_GRP1_EnableClock
                0x08000ec0       0x30 ./Core/Src/usart.o
 .text.MX_USART2_UART_Init
                0x08000ef0       0x98 ./Core/Src/usart.o
                0x08000ef0                MX_USART2_UART_Init
 .text.HAL_UART_MspInit
                0x08000f88       0x9c ./Core/Src/usart.o
                0x08000f88                HAL_UART_MspInit
 .text.Reset_Handler
                0x08001024       0x50 ./Core/Startup/startup_stm32wl55jcix.o
                0x08001024                Reset_Handler
 .text.Default_Handler
                0x08001074        0x2 ./Core/Startup/startup_stm32wl55jcix.o
                0x08001074                RTC_Alarm_IRQHandler
                0x08001074                EXTI2_IRQHandler
                0x08001074                TIM1_CC_IRQHandler
                0x08001074                EXTI3_IRQHandler
                0x08001074                LPTIM2_IRQHandler
                0x08001074                I2C3_ER_IRQHandler
                0x08001074                LPTIM3_IRQHandler
                0x08001074                EXTI0_IRQHandler
                0x08001074                I2C2_EV_IRQHandler
                0x08001074                TAMP_STAMP_LSECSS_SSRU_IRQHandler
                0x08001074                SPI1_IRQHandler
                0x08001074                DMA2_Channel2_IRQHandler
                0x08001074                DMA1_Channel4_IRQHandler
                0x08001074                PKA_IRQHandler
                0x08001074                TIM17_IRQHandler
                0x08001074                DMA1_Channel7_IRQHandler
                0x08001074                SUBGHZSPI_IRQHandler
                0x08001074                IPCC_C1_TX_IRQHandler
                0x08001074                DMA2_Channel1_IRQHandler
                0x08001074                I2C1_EV_IRQHandler
                0x08001074                DMAMUX1_OVR_IRQHandler
                0x08001074                DMA1_Channel6_IRQHandler
                0x08001074                TIM16_IRQHandler
                0x08001074                DMA2_Channel4_IRQHandler
                0x08001074                RCC_IRQHandler
                0x08001074                TIM1_TRG_COM_IRQHandler
                0x08001074                DMA1_Channel1_IRQHandler
                0x08001074                Default_Handler
                0x08001074                DMA2_Channel7_IRQHandler
                0x08001074                EXTI15_10_IRQHandler
                0x08001074                IPCC_C1_RX_IRQHandler
                0x08001074                ADC_IRQHandler
                0x08001074                C2SEV_PWR_C2H_IRQHandler
                0x08001074                I2C3_EV_IRQHandler
                0x08001074                EXTI9_5_IRQHandler
                0x08001074                RTC_WKUP_IRQHandler
                0x08001074                PVD_PVM_IRQHandler
                0x08001074                SPI2_IRQHandler
                0x08001074                DMA2_Channel5_IRQHandler
                0x08001074                DMA1_Channel5_IRQHandler
                0x08001074                EXTI4_IRQHandler
                0x08001074                RNG_IRQHandler
                0x08001074                DMA1_Channel3_IRQHandler
                0x08001074                COMP_IRQHandler
                0x08001074                HSEM_IRQHandler
                0x08001074                TIM1_UP_IRQHandler
                0x08001074                WWDG_IRQHandler
                0x08001074                LPUART1_IRQHandler
                0x08001074                DMA2_Channel6_IRQHandler
                0x08001074                TIM2_IRQHandler
                0x08001074                TIM1_BRK_IRQHandler
                0x08001074                DAC_IRQHandler
                0x08001074                EXTI1_IRQHandler
                0x08001074                AES_IRQHandler
                0x08001074                I2C2_ER_IRQHandler
                0x08001074                DMA1_Channel2_IRQHandler
                0x08001074                FLASH_IRQHandler
                0x08001074                USART1_IRQHandler
                0x08001074                I2C1_ER_IRQHandler
                0x08001074                LPTIM1_IRQHandler
                0x08001074                DMA2_Channel3_IRQHandler
 .text.LL_AHB2_GRP1_EnableClock
                0x08001076       0x30 ./Drivers/BSP/STM32WLxx_Nucleo/stm32wlxx_nucleo.o
 *fill*         0x080010a6        0x2 
 .text.BSP_LED_Init
                0x080010a8       0x74 ./Drivers/BSP/STM32WLxx_Nucleo/stm32wlxx_nucleo.o
                0x080010a8                BSP_LED_Init
 .text.BSP_LED_On
                0x0800111c       0x34 ./Drivers/BSP/STM32WLxx_Nucleo/stm32wlxx_nucleo.o
                0x0800111c                BSP_LED_On
 .text.BSP_LED_Off
                0x08001150       0x34 ./Drivers/BSP/STM32WLxx_Nucleo/stm32wlxx_nucleo.o
                0x08001150                BSP_LED_Off
 .text.BSP_LED_Toggle
                0x08001184       0x34 ./Drivers/BSP/STM32WLxx_Nucleo/stm32wlxx_nucleo.o
                0x08001184                BSP_LED_Toggle
 .text.LL_AHB2_GRP1_EnableClock
                0x080011b8       0x30 ./Drivers/BSP/STM32WLxx_Nucleo/stm32wlxx_nucleo_radio.o
 .text.BSP_RADIO_Init
                0x080011e8       0x7c ./Drivers/BSP/STM32WLxx_Nucleo/stm32wlxx_nucleo_radio.o
                0x080011e8                BSP_RADIO_Init
 .text.BSP_RADIO_ConfigRFSwitch
                0x08001264       0xb8 ./Drivers/BSP/STM32WLxx_Nucleo/stm32wlxx_nucleo_radio.o
                0x08001264                BSP_RADIO_ConfigRFSwitch
 .text.BSP_RADIO_GetTxConfig
                0x0800131c        0xe ./Drivers/BSP/STM32WLxx_Nucleo/stm32wlxx_nucleo_radio.o
                0x0800131c                BSP_RADIO_GetTxConfig
 .text.BSP_RADIO_IsTCXO
                0x0800132a        0xe ./Drivers/BSP/STM32WLxx_Nucleo/stm32wlxx_nucleo_radio.o
                0x0800132a                BSP_RADIO_IsTCXO
 .text.BSP_RADIO_IsDCDC
                0x08001338        0xe ./Drivers/BSP/STM32WLxx_Nucleo/stm32wlxx_nucleo_radio.o
                0x08001338                BSP_RADIO_IsDCDC
 .text.BSP_RADIO_GetRFOMaxPowerConfig
                0x08001346       0x26 ./Drivers/BSP/STM32WLxx_Nucleo/stm32wlxx_nucleo_radio.o
                0x08001346                BSP_RADIO_GetRFOMaxPowerConfig
 .text.RBI_Init
                0x0800136c        0xe ./Drivers/Radio_Driver/radio_board_if.o
                0x0800136c                RBI_Init
 .text.RBI_ConfigRFSwitch
                0x0800137a       0x1c ./Drivers/Radio_Driver/radio_board_if.o
                0x0800137a                RBI_ConfigRFSwitch
 .text.RBI_GetTxConfig
                0x08001396        0xe ./Drivers/Radio_Driver/radio_board_if.o
                0x08001396                RBI_GetTxConfig
 .text.RBI_IsTCXO
                0x080013a4        0xe ./Drivers/Radio_Driver/radio_board_if.o
                0x080013a4                RBI_IsTCXO
 .text.RBI_IsDCDC
                0x080013b2        0xe ./Drivers/Radio_Driver/radio_board_if.o
                0x080013b2                RBI_IsDCDC
 .text.RBI_GetRFOMaxPowerConfig
                0x080013c0       0x1c ./Drivers/Radio_Driver/radio_board_if.o
                0x080013c0                RBI_GetRFOMaxPowerConfig
 .text.SUBGRF_Init
                0x080013dc       0x90 ./Drivers/Radio_Driver/radio_driver.o
                0x080013dc                SUBGRF_Init
 .text.SUBGRF_GetOperatingMode
                0x0800146c       0x14 ./Drivers/Radio_Driver/radio_driver.o
                0x0800146c                SUBGRF_GetOperatingMode
 .text.SUBGRF_SetPayload
                0x08001480       0x20 ./Drivers/Radio_Driver/radio_driver.o
                0x08001480                SUBGRF_SetPayload
 .text.SUBGRF_GetPayload
                0x080014a0       0x44 ./Drivers/Radio_Driver/radio_driver.o
                0x080014a0                SUBGRF_GetPayload
 .text.SUBGRF_SendPayload
                0x080014e4       0x26 ./Drivers/Radio_Driver/radio_driver.o
                0x080014e4                SUBGRF_SendPayload
 .text.SUBGRF_SetCrcSeed
                0x0800150a       0x40 ./Drivers/Radio_Driver/radio_driver.o
                0x0800150a                SUBGRF_SetCrcSeed
 .text.SUBGRF_SetCrcPolynomial
                0x0800154a       0x40 ./Drivers/Radio_Driver/radio_driver.o
                0x0800154a                SUBGRF_SetCrcPolynomial
 *fill*         0x0800158a        0x2 
 .text.SUBGRF_SetStandby
                0x0800158c       0x38 ./Drivers/Radio_Driver/radio_driver.o
                0x0800158c                SUBGRF_SetStandby
 .text.SUBGRF_SetTx
                0x080015c4       0x40 ./Drivers/Radio_Driver/radio_driver.o
                0x080015c4                SUBGRF_SetTx
 .text.SUBGRF_SetRx
                0x08001604       0x40 ./Drivers/Radio_Driver/radio_driver.o
                0x08001604                SUBGRF_SetRx
 .text.SUBGRF_SetStopRxTimerOnPreambleDetect
                0x08001644       0x1e ./Drivers/Radio_Driver/radio_driver.o
                0x08001644                SUBGRF_SetStopRxTimerOnPreambleDetect
 .text.SUBGRF_SetRegulatorMode
                0x08001662       0x2e ./Drivers/Radio_Driver/radio_driver.o
                0x08001662                SUBGRF_SetRegulatorMode
 .text.SUBGRF_Calibrate
                0x08001690       0x98 ./Drivers/Radio_Driver/radio_driver.o
                0x08001690                SUBGRF_Calibrate
 .text.SUBGRF_CalibrateImage
                0x08001728       0x94 ./Drivers/Radio_Driver/radio_driver.o
                0x08001728                SUBGRF_CalibrateImage
 .text.SUBGRF_SetPaConfig
                0x080017bc       0x44 ./Drivers/Radio_Driver/radio_driver.o
                0x080017bc                SUBGRF_SetPaConfig
 .text.SUBGRF_SetDioIrqParams
                0x08001800       0x74 ./Drivers/Radio_Driver/radio_driver.o
                0x08001800                SUBGRF_SetDioIrqParams
 .text.SUBGRF_SetTcxoMode
                0x08001874       0x42 ./Drivers/Radio_Driver/radio_driver.o
                0x08001874                SUBGRF_SetTcxoMode
 *fill*         0x080018b6        0x2 
 .text.SUBGRF_SetRfFrequency
                0x080018b8       0x8c ./Drivers/Radio_Driver/radio_driver.o
                0x080018b8                SUBGRF_SetRfFrequency
 .text.SUBGRF_SetPacketType
                0x08001944       0x38 ./Drivers/Radio_Driver/radio_driver.o
                0x08001944                SUBGRF_SetPacketType
 .text.SUBGRF_GetPacketType
                0x0800197c       0x14 ./Drivers/Radio_Driver/radio_driver.o
                0x0800197c                SUBGRF_GetPacketType
 .text.SUBGRF_SetTxParams
                0x08001990      0x19a ./Drivers/Radio_Driver/radio_driver.o
                0x08001990                SUBGRF_SetTxParams
 *fill*         0x08001b2a        0x2 
 .text.SUBGRF_SetModulationParams
                0x08001b2c      0x19c ./Drivers/Radio_Driver/radio_driver.o
                0x08001b2c                SUBGRF_SetModulationParams
 .text.SUBGRF_SetPacketParams
                0x08001cc8      0x138 ./Drivers/Radio_Driver/radio_driver.o
                0x08001cc8                SUBGRF_SetPacketParams
 .text.SUBGRF_SetBufferBaseAddress
                0x08001e00       0x2e ./Drivers/Radio_Driver/radio_driver.o
                0x08001e00                SUBGRF_SetBufferBaseAddress
 *fill*         0x08001e2e        0x2 
 .text.SUBGRF_GetRxBufferStatus
                0x08001e30       0x58 ./Drivers/Radio_Driver/radio_driver.o
                0x08001e30                SUBGRF_GetRxBufferStatus
 .text.SUBGRF_GetPacketStatus
                0x08001e88       0xa4 ./Drivers/Radio_Driver/radio_driver.o
                0x08001e88                SUBGRF_GetPacketStatus
 .text.SUBGRF_WriteRegister
                0x08001f2c       0x28 ./Drivers/Radio_Driver/radio_driver.o
                0x08001f2c                SUBGRF_WriteRegister
 .text.SUBGRF_ReadRegister
                0x08001f54       0x28 ./Drivers/Radio_Driver/radio_driver.o
                0x08001f54                SUBGRF_ReadRegister
 .text.SUBGRF_WriteRegisters
                0x08001f7c       0x44 ./Drivers/Radio_Driver/radio_driver.o
                0x08001f7c                SUBGRF_WriteRegisters
 .text.SUBGRF_WriteBuffer
                0x08001fc0       0x44 ./Drivers/Radio_Driver/radio_driver.o
                0x08001fc0                SUBGRF_WriteBuffer
 .text.SUBGRF_ReadBuffer
                0x08002004       0x44 ./Drivers/Radio_Driver/radio_driver.o
                0x08002004                SUBGRF_ReadBuffer
 .text.SUBGRF_WriteCommand
                0x08002048       0x44 ./Drivers/Radio_Driver/radio_driver.o
                0x08002048                SUBGRF_WriteCommand
 .text.SUBGRF_ReadCommand
                0x0800208c       0x44 ./Drivers/Radio_Driver/radio_driver.o
                0x0800208c                SUBGRF_ReadCommand
 .text.SUBGRF_SetSwitch
                0x080020d0       0x50 ./Drivers/Radio_Driver/radio_driver.o
                0x080020d0                SUBGRF_SetSwitch
 .text.SUBGRF_SetRfTxPower
                0x08002120       0x68 ./Drivers/Radio_Driver/radio_driver.o
                0x08002120                SUBGRF_SetRfTxPower
 .text.HAL_SUBGHZ_TxCpltCallback
                0x08002188       0x1c ./Drivers/Radio_Driver/radio_driver.o
                0x08002188                HAL_SUBGHZ_TxCpltCallback
 .text.HAL_SUBGHZ_RxCpltCallback
                0x080021a4       0x1c ./Drivers/Radio_Driver/radio_driver.o
                0x080021a4                HAL_SUBGHZ_RxCpltCallback
 .text.HAL_SUBGHZ_CRCErrorCallback
                0x080021c0       0x1c ./Drivers/Radio_Driver/radio_driver.o
                0x080021c0                HAL_SUBGHZ_CRCErrorCallback
 .text.HAL_SUBGHZ_CADStatusCallback
                0x080021dc       0x3c ./Drivers/Radio_Driver/radio_driver.o
                0x080021dc                HAL_SUBGHZ_CADStatusCallback
 .text.HAL_SUBGHZ_RxTxTimeoutCallback
                0x08002218       0x20 ./Drivers/Radio_Driver/radio_driver.o
                0x08002218                HAL_SUBGHZ_RxTxTimeoutCallback
 .text.HAL_SUBGHZ_HeaderErrorCallback
                0x08002238       0x1c ./Drivers/Radio_Driver/radio_driver.o
                0x08002238                HAL_SUBGHZ_HeaderErrorCallback
 .text.HAL_SUBGHZ_PreambleDetectedCallback
                0x08002254       0x1c ./Drivers/Radio_Driver/radio_driver.o
                0x08002254                HAL_SUBGHZ_PreambleDetectedCallback
 .text.HAL_SUBGHZ_SyncWordValidCallback
                0x08002270       0x1c ./Drivers/Radio_Driver/radio_driver.o
                0x08002270                HAL_SUBGHZ_SyncWordValidCallback
 .text.HAL_SUBGHZ_HeaderValidCallback
                0x0800228c       0x1c ./Drivers/Radio_Driver/radio_driver.o
                0x0800228c                HAL_SUBGHZ_HeaderValidCallback
 .text.HAL_SUBGHZ_LrFhssHopCallback
                0x080022a8       0x20 ./Drivers/Radio_Driver/radio_driver.o
                0x080022a8                HAL_SUBGHZ_LrFhssHopCallback
 .text.Radio_SMPS_Set
                0x080022c8       0x42 ./Drivers/Radio_Driver/radio_driver.o
 *fill*         0x0800230a        0x2 
 .text.HAL_Init
                0x0800230c       0x40 ./Drivers/STM32WLxx_HAL_Driver/Src/stm32wlxx_hal.o
                0x0800230c                HAL_Init
 .text.HAL_InitTick
                0x0800234c       0x74 ./Drivers/STM32WLxx_HAL_Driver/Src/stm32wlxx_hal.o
                0x0800234c                HAL_InitTick
 .text.HAL_IncTick
                0x080023c0       0x24 ./Drivers/STM32WLxx_HAL_Driver/Src/stm32wlxx_hal.o
                0x080023c0                HAL_IncTick
 .text.HAL_GetTick
                0x080023e4       0x14 ./Drivers/STM32WLxx_HAL_Driver/Src/stm32wlxx_hal.o
                0x080023e4                HAL_GetTick
 .text.HAL_Delay
                0x080023f8       0x48 ./Drivers/STM32WLxx_HAL_Driver/Src/stm32wlxx_hal.o
                0x080023f8                HAL_Delay
 .text.__NVIC_SetPriorityGrouping
                0x08002440       0x48 ./Drivers/STM32WLxx_HAL_Driver/Src/stm32wlxx_hal_cortex.o
 .text.__NVIC_GetPriorityGrouping
                0x08002488       0x1c ./Drivers/STM32WLxx_HAL_Driver/Src/stm32wlxx_hal_cortex.o
 .text.__NVIC_EnableIRQ
                0x080024a4       0x38 ./Drivers/STM32WLxx_HAL_Driver/Src/stm32wlxx_hal_cortex.o
 .text.__NVIC_DisableIRQ
                0x080024dc       0x48 ./Drivers/STM32WLxx_HAL_Driver/Src/stm32wlxx_hal_cortex.o
 .text.__NVIC_SetPriority
                0x08002524       0x54 ./Drivers/STM32WLxx_HAL_Driver/Src/stm32wlxx_hal_cortex.o
 .text.NVIC_EncodePriority
                0x08002578       0x64 ./Drivers/STM32WLxx_HAL_Driver/Src/stm32wlxx_hal_cortex.o
 .text.SysTick_Config
                0x080025dc       0x44 ./Drivers/STM32WLxx_HAL_Driver/Src/stm32wlxx_hal_cortex.o
 .text.HAL_NVIC_SetPriorityGrouping
                0x08002620       0x16 ./Drivers/STM32WLxx_HAL_Driver/Src/stm32wlxx_hal_cortex.o
                0x08002620                HAL_NVIC_SetPriorityGrouping
 .text.HAL_NVIC_SetPriority
                0x08002636       0x34 ./Drivers/STM32WLxx_HAL_Driver/Src/stm32wlxx_hal_cortex.o
                0x08002636                HAL_NVIC_SetPriority
 .text.HAL_NVIC_EnableIRQ
                0x0800266a       0x1c ./Drivers/STM32WLxx_HAL_Driver/Src/stm32wlxx_hal_cortex.o
                0x0800266a                HAL_NVIC_EnableIRQ
 .text.HAL_NVIC_DisableIRQ
                0x08002686       0x1c ./Drivers/STM32WLxx_HAL_Driver/Src/stm32wlxx_hal_cortex.o
                0x08002686                HAL_NVIC_DisableIRQ
 .text.HAL_SYSTICK_Config
                0x080026a2       0x18 ./Drivers/STM32WLxx_HAL_Driver/Src/stm32wlxx_hal_cortex.o
                0x080026a2                HAL_SYSTICK_Config
 .text.HAL_DMA_Abort
                0x080026ba       0xbc ./Drivers/STM32WLxx_HAL_Driver/Src/stm32wlxx_hal_dma.o
                0x080026ba                HAL_DMA_Abort
 .text.HAL_DMA_Abort_IT
                0x08002776       0xbe ./Drivers/STM32WLxx_HAL_Driver/Src/stm32wlxx_hal_dma.o
                0x08002776                HAL_DMA_Abort_IT
 .text.HAL_GPIO_Init
                0x08002834      0x2c0 ./Drivers/STM32WLxx_HAL_Driver/Src/stm32wlxx_hal_gpio.o
                0x08002834                HAL_GPIO_Init
 .text.HAL_GPIO_WritePin
                0x08002af4       0x2e ./Drivers/STM32WLxx_HAL_Driver/Src/stm32wlxx_hal_gpio.o
                0x08002af4                HAL_GPIO_WritePin
 .text.HAL_GPIO_TogglePin
                0x08002b22       0x32 ./Drivers/STM32WLxx_HAL_Driver/Src/stm32wlxx_hal_gpio.o
                0x08002b22                HAL_GPIO_TogglePin
 .text.HAL_PWR_EnableBkUpAccess
                0x08002b54       0x1c ./Drivers/STM32WLxx_HAL_Driver/Src/stm32wlxx_hal_pwr.o
                0x08002b54                HAL_PWR_EnableBkUpAccess
 .text.HAL_PWREx_GetVoltageRange
                0x08002b70       0x18 ./Drivers/STM32WLxx_HAL_Driver/Src/stm32wlxx_hal_pwr_ex.o
                0x08002b70                HAL_PWREx_GetVoltageRange
 .text.LL_PWR_IsEnabledBkUpAccess
                0x08002b88       0x24 ./Drivers/STM32WLxx_HAL_Driver/Src/stm32wlxx_hal_rcc.o
 .text.LL_RCC_HSE_EnableTcxo
                0x08002bac       0x1c ./Drivers/STM32WLxx_HAL_Driver/Src/stm32wlxx_hal_rcc.o
 .text.LL_RCC_HSE_DisableTcxo
                0x08002bc8       0x1c ./Drivers/STM32WLxx_HAL_Driver/Src/stm32wlxx_hal_rcc.o
 .text.LL_RCC_HSE_IsEnabledDiv2
                0x08002be4       0x22 ./Drivers/STM32WLxx_HAL_Driver/Src/stm32wlxx_hal_rcc.o
 .text.LL_RCC_HSE_Enable
                0x08002c06       0x1c ./Drivers/STM32WLxx_HAL_Driver/Src/stm32wlxx_hal_rcc.o
 .text.LL_RCC_HSE_Disable
                0x08002c22       0x1c ./Drivers/STM32WLxx_HAL_Driver/Src/stm32wlxx_hal_rcc.o
 .text.LL_RCC_HSE_IsReady
                0x08002c3e       0x22 ./Drivers/STM32WLxx_HAL_Driver/Src/stm32wlxx_hal_rcc.o
 .text.LL_RCC_HSI_Enable
                0x08002c60       0x1c ./Drivers/STM32WLxx_HAL_Driver/Src/stm32wlxx_hal_rcc.o
 .text.LL_RCC_HSI_Disable
                0x08002c7c       0x1c ./Drivers/STM32WLxx_HAL_Driver/Src/stm32wlxx_hal_rcc.o
 .text.LL_RCC_HSI_IsReady
                0x08002c98       0x22 ./Drivers/STM32WLxx_HAL_Driver/Src/stm32wlxx_hal_rcc.o
 .text.LL_RCC_HSI_SetCalibTrimming
                0x08002cba       0x28 ./Drivers/STM32WLxx_HAL_Driver/Src/stm32wlxx_hal_rcc.o
 .text.LL_RCC_LSE_IsReady
                0x08002ce2       0x22 ./Drivers/STM32WLxx_HAL_Driver/Src/stm32wlxx_hal_rcc.o
 .text.LL_RCC_LSI_Enable
                0x08002d04       0x20 ./Drivers/STM32WLxx_HAL_Driver/Src/stm32wlxx_hal_rcc.o
 .text.LL_RCC_LSI_Disable
                0x08002d24       0x20 ./Drivers/STM32WLxx_HAL_Driver/Src/stm32wlxx_hal_rcc.o
 .text.LL_RCC_LSI_IsReady
                0x08002d44       0x22 ./Drivers/STM32WLxx_HAL_Driver/Src/stm32wlxx_hal_rcc.o
 .text.LL_RCC_MSI_Enable
                0x08002d66       0x1c ./Drivers/STM32WLxx_HAL_Driver/Src/stm32wlxx_hal_rcc.o
 .text.LL_RCC_MSI_Disable
                0x08002d82       0x1c ./Drivers/STM32WLxx_HAL_Driver/Src/stm32wlxx_hal_rcc.o
 .text.LL_RCC_MSI_IsReady
                0x08002d9e       0x20 ./Drivers/STM32WLxx_HAL_Driver/Src/stm32wlxx_hal_rcc.o
 .text.LL_RCC_MSI_IsEnabledRangeSelect
                0x08002dbe       0x20 ./Drivers/STM32WLxx_HAL_Driver/Src/stm32wlxx_hal_rcc.o
 .text.LL_RCC_MSI_GetRange
                0x08002dde       0x16 ./Drivers/STM32WLxx_HAL_Driver/Src/stm32wlxx_hal_rcc.o
 .text.LL_RCC_MSI_GetRangeAfterStandby
                0x08002df4       0x18 ./Drivers/STM32WLxx_HAL_Driver/Src/stm32wlxx_hal_rcc.o
 .text.LL_RCC_MSI_SetCalibTrimming
                0x08002e0c       0x28 ./Drivers/STM32WLxx_HAL_Driver/Src/stm32wlxx_hal_rcc.o
 .text.LL_RCC_SetSysClkSource
                0x08002e34       0x26 ./Drivers/STM32WLxx_HAL_Driver/Src/stm32wlxx_hal_rcc.o
 .text.LL_RCC_GetSysClkSource
                0x08002e5a       0x16 ./Drivers/STM32WLxx_HAL_Driver/Src/stm32wlxx_hal_rcc.o
 .text.LL_RCC_SetAHBPrescaler
                0x08002e70       0x26 ./Drivers/STM32WLxx_HAL_Driver/Src/stm32wlxx_hal_rcc.o
 .text.LL_C2_RCC_SetAHBPrescaler
                0x08002e96       0x2a ./Drivers/STM32WLxx_HAL_Driver/Src/stm32wlxx_hal_rcc.o
 .text.LL_RCC_SetAHB3Prescaler
                0x08002ec0       0x2c ./Drivers/STM32WLxx_HAL_Driver/Src/stm32wlxx_hal_rcc.o
 .text.LL_RCC_SetAPB1Prescaler
                0x08002eec       0x26 ./Drivers/STM32WLxx_HAL_Driver/Src/stm32wlxx_hal_rcc.o
 .text.LL_RCC_SetAPB2Prescaler
                0x08002f12       0x26 ./Drivers/STM32WLxx_HAL_Driver/Src/stm32wlxx_hal_rcc.o
 .text.LL_RCC_GetAHBPrescaler
                0x08002f38       0x16 ./Drivers/STM32WLxx_HAL_Driver/Src/stm32wlxx_hal_rcc.o
 .text.LL_RCC_GetAHB3Prescaler
                0x08002f4e       0x1a ./Drivers/STM32WLxx_HAL_Driver/Src/stm32wlxx_hal_rcc.o
 .text.LL_RCC_GetAPB1Prescaler
                0x08002f68       0x16 ./Drivers/STM32WLxx_HAL_Driver/Src/stm32wlxx_hal_rcc.o
 .text.LL_RCC_GetAPB2Prescaler
                0x08002f7e       0x16 ./Drivers/STM32WLxx_HAL_Driver/Src/stm32wlxx_hal_rcc.o
 .text.LL_RCC_PLL_Enable
                0x08002f94       0x1c ./Drivers/STM32WLxx_HAL_Driver/Src/stm32wlxx_hal_rcc.o
 .text.LL_RCC_PLL_Disable
                0x08002fb0       0x1c ./Drivers/STM32WLxx_HAL_Driver/Src/stm32wlxx_hal_rcc.o
 .text.LL_RCC_PLL_IsReady
                0x08002fcc       0x22 ./Drivers/STM32WLxx_HAL_Driver/Src/stm32wlxx_hal_rcc.o
 .text.LL_RCC_PLL_GetN
                0x08002fee       0x18 ./Drivers/STM32WLxx_HAL_Driver/Src/stm32wlxx_hal_rcc.o
 .text.LL_RCC_PLL_GetR
                0x08003006       0x16 ./Drivers/STM32WLxx_HAL_Driver/Src/stm32wlxx_hal_rcc.o
 .text.LL_RCC_PLL_GetDivider
                0x0800301c       0x16 ./Drivers/STM32WLxx_HAL_Driver/Src/stm32wlxx_hal_rcc.o
 .text.LL_RCC_PLL_GetMainSource
                0x08003032       0x16 ./Drivers/STM32WLxx_HAL_Driver/Src/stm32wlxx_hal_rcc.o
 .text.LL_RCC_IsActiveFlag_HPRE
                0x08003048       0x22 ./Drivers/STM32WLxx_HAL_Driver/Src/stm32wlxx_hal_rcc.o
 .text.LL_RCC_IsActiveFlag_C2HPRE
                0x0800306a       0x24 ./Drivers/STM32WLxx_HAL_Driver/Src/stm32wlxx_hal_rcc.o
 .text.LL_RCC_IsActiveFlag_SHDHPRE
                0x0800308e       0x24 ./Drivers/STM32WLxx_HAL_Driver/Src/stm32wlxx_hal_rcc.o
 .text.LL_RCC_IsActiveFlag_PPRE1
                0x080030b2       0x22 ./Drivers/STM32WLxx_HAL_Driver/Src/stm32wlxx_hal_rcc.o
 .text.LL_RCC_IsActiveFlag_PPRE2
                0x080030d4       0x22 ./Drivers/STM32WLxx_HAL_Driver/Src/stm32wlxx_hal_rcc.o
 *fill*         0x080030f6        0x2 
 .text.HAL_RCC_OscConfig
                0x080030f8      0x704 ./Drivers/STM32WLxx_HAL_Driver/Src/stm32wlxx_hal_rcc.o
                0x080030f8                HAL_RCC_OscConfig
 .text.HAL_RCC_ClockConfig
                0x080037fc      0x284 ./Drivers/STM32WLxx_HAL_Driver/Src/stm32wlxx_hal_rcc.o
                0x080037fc                HAL_RCC_ClockConfig
 .text.HAL_RCC_GetSysClockFreq
                0x08003a80      0x140 ./Drivers/STM32WLxx_HAL_Driver/Src/stm32wlxx_hal_rcc.o
                0x08003a80                HAL_RCC_GetSysClockFreq
 .text.HAL_RCC_GetHCLKFreq
                0x08003bc0       0x28 ./Drivers/STM32WLxx_HAL_Driver/Src/stm32wlxx_hal_rcc.o
                0x08003bc0                HAL_RCC_GetHCLKFreq
 .text.HAL_RCC_GetPCLK1Freq
                0x08003be8       0x24 ./Drivers/STM32WLxx_HAL_Driver/Src/stm32wlxx_hal_rcc.o
                0x08003be8                HAL_RCC_GetPCLK1Freq
 .text.HAL_RCC_GetPCLK2Freq
                0x08003c0c       0x24 ./Drivers/STM32WLxx_HAL_Driver/Src/stm32wlxx_hal_rcc.o
                0x08003c0c                HAL_RCC_GetPCLK2Freq
 .text.RCC_SetFlashLatencyFromMSIRange
                0x08003c30       0x60 ./Drivers/STM32WLxx_HAL_Driver/Src/stm32wlxx_hal_rcc.o
 .text.RCC_SetFlashLatency
                0x08003c90      0x104 ./Drivers/STM32WLxx_HAL_Driver/Src/stm32wlxx_hal_rcc.o
 .text.LL_RCC_LSE_IsReady
                0x08003d94       0x22 ./Drivers/STM32WLxx_HAL_Driver/Src/stm32wlxx_hal_rcc_ex.o
 .text.LL_RCC_SetUSARTClockSource
                0x08003db6       0x30 ./Drivers/STM32WLxx_HAL_Driver/Src/stm32wlxx_hal_rcc_ex.o
 .text.LL_RCC_SetI2SClockSource
                0x08003de6       0x2a ./Drivers/STM32WLxx_HAL_Driver/Src/stm32wlxx_hal_rcc_ex.o
 .text.LL_RCC_SetLPUARTClockSource
                0x08003e10       0x2a ./Drivers/STM32WLxx_HAL_Driver/Src/stm32wlxx_hal_rcc_ex.o
 .text.LL_RCC_SetI2CClockSource
                0x08003e3a       0x38 ./Drivers/STM32WLxx_HAL_Driver/Src/stm32wlxx_hal_rcc_ex.o
 .text.LL_RCC_SetLPTIMClockSource
                0x08003e72       0x32 ./Drivers/STM32WLxx_HAL_Driver/Src/stm32wlxx_hal_rcc_ex.o
 .text.LL_RCC_SetRNGClockSource
                0x08003ea4       0x2a ./Drivers/STM32WLxx_HAL_Driver/Src/stm32wlxx_hal_rcc_ex.o
 .text.LL_RCC_SetADCClockSource
                0x08003ece       0x2a ./Drivers/STM32WLxx_HAL_Driver/Src/stm32wlxx_hal_rcc_ex.o
 .text.LL_RCC_SetRTCClockSource
                0x08003ef8       0x2a ./Drivers/STM32WLxx_HAL_Driver/Src/stm32wlxx_hal_rcc_ex.o
 .text.LL_RCC_GetRTCClockSource
                0x08003f22       0x18 ./Drivers/STM32WLxx_HAL_Driver/Src/stm32wlxx_hal_rcc_ex.o
 .text.LL_RCC_ForceBackupDomainReset
                0x08003f3a       0x20 ./Drivers/STM32WLxx_HAL_Driver/Src/stm32wlxx_hal_rcc_ex.o
 .text.LL_RCC_ReleaseBackupDomainReset
                0x08003f5a       0x20 ./Drivers/STM32WLxx_HAL_Driver/Src/stm32wlxx_hal_rcc_ex.o
 *fill*         0x08003f7a        0x2 
 .text.HAL_RCCEx_PeriphCLKConfig
                0x08003f7c      0x234 ./Drivers/STM32WLxx_HAL_Driver/Src/stm32wlxx_hal_rcc_ex.o
                0x08003f7c                HAL_RCCEx_PeriphCLKConfig
 .text.LL_PWR_SetRadioBusyTrigger
                0x080041b0       0x28 ./Drivers/STM32WLxx_HAL_Driver/Src/stm32wlxx_hal_subghz.o
 .text.LL_PWR_UnselectSUBGHZSPI_NSS
                0x080041d8       0x20 ./Drivers/STM32WLxx_HAL_Driver/Src/stm32wlxx_hal_subghz.o
 .text.LL_PWR_SelectSUBGHZSPI_NSS
                0x080041f8       0x20 ./Drivers/STM32WLxx_HAL_Driver/Src/stm32wlxx_hal_subghz.o
 .text.LL_PWR_ClearFlag_RFBUSY
                0x08004218       0x18 ./Drivers/STM32WLxx_HAL_Driver/Src/stm32wlxx_hal_subghz.o
 .text.LL_PWR_IsActiveFlag_RFBUSYS
                0x08004230       0x24 ./Drivers/STM32WLxx_HAL_Driver/Src/stm32wlxx_hal_subghz.o
 .text.LL_PWR_IsActiveFlag_RFBUSYMS
                0x08004254       0x24 ./Drivers/STM32WLxx_HAL_Driver/Src/stm32wlxx_hal_subghz.o
 .text.LL_RCC_RF_DisableReset
                0x08004278       0x20 ./Drivers/STM32WLxx_HAL_Driver/Src/stm32wlxx_hal_subghz.o
 .text.LL_RCC_IsRFUnderReset
                0x08004298       0x24 ./Drivers/STM32WLxx_HAL_Driver/Src/stm32wlxx_hal_subghz.o
 .text.LL_EXTI_EnableIT_32_63
                0x080042bc       0x28 ./Drivers/STM32WLxx_HAL_Driver/Src/stm32wlxx_hal_subghz.o
 .text.HAL_SUBGHZ_Init
                0x080042e4       0xc8 ./Drivers/STM32WLxx_HAL_Driver/Src/stm32wlxx_hal_subghz.o
                0x080042e4                HAL_SUBGHZ_Init
 .text.HAL_SUBGHZ_WriteRegisters
                0x080043ac       0xbe ./Drivers/STM32WLxx_HAL_Driver/Src/stm32wlxx_hal_subghz.o
                0x080043ac                HAL_SUBGHZ_WriteRegisters
 .text.HAL_SUBGHZ_ReadRegisters
                0x0800446a       0xc2 ./Drivers/STM32WLxx_HAL_Driver/Src/stm32wlxx_hal_subghz.o
                0x0800446a                HAL_SUBGHZ_ReadRegisters
 .text.HAL_SUBGHZ_ExecSetCmd
                0x0800452c       0xbe ./Drivers/STM32WLxx_HAL_Driver/Src/stm32wlxx_hal_subghz.o
                0x0800452c                HAL_SUBGHZ_ExecSetCmd
 .text.HAL_SUBGHZ_ExecGetCmd
                0x080045ea       0xa8 ./Drivers/STM32WLxx_HAL_Driver/Src/stm32wlxx_hal_subghz.o
                0x080045ea                HAL_SUBGHZ_ExecGetCmd
 .text.HAL_SUBGHZ_WriteBuffer
                0x08004692       0xa6 ./Drivers/STM32WLxx_HAL_Driver/Src/stm32wlxx_hal_subghz.o
                0x08004692                HAL_SUBGHZ_WriteBuffer
 .text.HAL_SUBGHZ_ReadBuffer
                0x08004738       0xb0 ./Drivers/STM32WLxx_HAL_Driver/Src/stm32wlxx_hal_subghz.o
                0x08004738                HAL_SUBGHZ_ReadBuffer
 .text.HAL_SUBGHZ_IRQHandler
                0x080047e8      0x11c ./Drivers/STM32WLxx_HAL_Driver/Src/stm32wlxx_hal_subghz.o
                0x080047e8                HAL_SUBGHZ_IRQHandler
 .text.SUBGHZSPI_Init
                0x08004904       0x40 ./Drivers/STM32WLxx_HAL_Driver/Src/stm32wlxx_hal_subghz.o
                0x08004904                SUBGHZSPI_Init
 .text.SUBGHZSPI_Transmit
                0x08004944       0xac ./Drivers/STM32WLxx_HAL_Driver/Src/stm32wlxx_hal_subghz.o
                0x08004944                SUBGHZSPI_Transmit
 .text.SUBGHZSPI_Receive
                0x080049f0       0xb0 ./Drivers/STM32WLxx_HAL_Driver/Src/stm32wlxx_hal_subghz.o
                0x080049f0                SUBGHZSPI_Receive
 .text.SUBGHZ_CheckDeviceReady
                0x08004aa0       0x48 ./Drivers/STM32WLxx_HAL_Driver/Src/stm32wlxx_hal_subghz.o
                0x08004aa0                SUBGHZ_CheckDeviceReady
 .text.SUBGHZ_WaitOnBusy
                0x08004ae8       0x5c ./Drivers/STM32WLxx_HAL_Driver/Src/stm32wlxx_hal_subghz.o
                0x08004ae8                SUBGHZ_WaitOnBusy
 .text.LL_RCC_GetUSARTClockSource
                0x08004b44       0x24 ./Drivers/STM32WLxx_HAL_Driver/Src/stm32wlxx_hal_uart.o
 .text.LL_RCC_GetLPUARTClockSource
                0x08004b68       0x1e ./Drivers/STM32WLxx_HAL_Driver/Src/stm32wlxx_hal_uart.o
 .text.HAL_UART_Init
                0x08004b86       0xa0 ./Drivers/STM32WLxx_HAL_Driver/Src/stm32wlxx_hal_uart.o
                0x08004b86                HAL_UART_Init
 .text.HAL_UART_Transmit
                0x08004c26      0x10c ./Drivers/STM32WLxx_HAL_Driver/Src/stm32wlxx_hal_uart.o
                0x08004c26                HAL_UART_Transmit
 *fill*         0x08004d32        0x2 
 .text.HAL_UART_Receive_IT
                0x08004d34       0x98 ./Drivers/STM32WLxx_HAL_Driver/Src/stm32wlxx_hal_uart.o
                0x08004d34                HAL_UART_Receive_IT
 .text.HAL_UART_IRQHandler
                0x08004dcc      0x648 ./Drivers/STM32WLxx_HAL_Driver/Src/stm32wlxx_hal_uart.o
                0x08004dcc                HAL_UART_IRQHandler
 .text.HAL_UART_TxCpltCallback
                0x08005414       0x12 ./Drivers/STM32WLxx_HAL_Driver/Src/stm32wlxx_hal_uart.o
                0x08005414                HAL_UART_TxCpltCallback
 .text.HAL_UART_ErrorCallback
                0x08005426       0x12 ./Drivers/STM32WLxx_HAL_Driver/Src/stm32wlxx_hal_uart.o
                0x08005426                HAL_UART_ErrorCallback
 .text.HAL_UARTEx_RxEventCallback
                0x08005438       0x16 ./Drivers/STM32WLxx_HAL_Driver/Src/stm32wlxx_hal_uart.o
                0x08005438                HAL_UARTEx_RxEventCallback
 *fill*         0x0800544e        0x2 
 .text.UART_SetConfig
                0x08005450      0x4e8 ./Drivers/STM32WLxx_HAL_Driver/Src/stm32wlxx_hal_uart.o
                0x08005450                UART_SetConfig
 .text.UART_AdvFeatureConfig
                0x08005938      0x142 ./Drivers/STM32WLxx_HAL_Driver/Src/stm32wlxx_hal_uart.o
                0x08005938                UART_AdvFeatureConfig
 .text.UART_CheckIdleState
                0x08005a7a       0x9c ./Drivers/STM32WLxx_HAL_Driver/Src/stm32wlxx_hal_uart.o
                0x08005a7a                UART_CheckIdleState
 .text.UART_WaitOnFlagUntilTimeout
                0x08005b16      0x19c ./Drivers/STM32WLxx_HAL_Driver/Src/stm32wlxx_hal_uart.o
                0x08005b16                UART_WaitOnFlagUntilTimeout
 *fill*         0x08005cb2        0x2 
 .text.UART_Start_Receive_IT
                0x08005cb4      0x240 ./Drivers/STM32WLxx_HAL_Driver/Src/stm32wlxx_hal_uart.o
                0x08005cb4                UART_Start_Receive_IT
 .text.UART_EndRxTransfer
                0x08005ef4       0xca ./Drivers/STM32WLxx_HAL_Driver/Src/stm32wlxx_hal_uart.o
 .text.UART_DMAAbortOnError
                0x08005fbe       0x2c ./Drivers/STM32WLxx_HAL_Driver/Src/stm32wlxx_hal_uart.o
 .text.UART_EndTransmit_IT
                0x08005fea       0x56 ./Drivers/STM32WLxx_HAL_Driver/Src/stm32wlxx_hal_uart.o
 .text.UART_RxISR_8BIT
                0x08006040      0x1b8 ./Drivers/STM32WLxx_HAL_Driver/Src/stm32wlxx_hal_uart.o
 .text.UART_RxISR_16BIT
                0x080061f8      0x1b8 ./Drivers/STM32WLxx_HAL_Driver/Src/stm32wlxx_hal_uart.o
 .text.UART_RxISR_8BIT_FIFOEN
                0x080063b0      0x360 ./Drivers/STM32WLxx_HAL_Driver/Src/stm32wlxx_hal_uart.o
 .text.UART_RxISR_16BIT_FIFOEN
                0x08006710      0x368 ./Drivers/STM32WLxx_HAL_Driver/Src/stm32wlxx_hal_uart.o
 .text.HAL_UARTEx_WakeupCallback
                0x08006a78       0x12 ./Drivers/STM32WLxx_HAL_Driver/Src/stm32wlxx_hal_uart_ex.o
                0x08006a78                HAL_UARTEx_WakeupCallback
 .text.HAL_UARTEx_RxFifoFullCallback
                0x08006a8a       0x12 ./Drivers/STM32WLxx_HAL_Driver/Src/stm32wlxx_hal_uart_ex.o
                0x08006a8a                HAL_UARTEx_RxFifoFullCallback
 .text.HAL_UARTEx_TxFifoEmptyCallback
                0x08006a9c       0x12 ./Drivers/STM32WLxx_HAL_Driver/Src/stm32wlxx_hal_uart_ex.o
                0x08006a9c                HAL_UARTEx_TxFifoEmptyCallback
 .text.HAL_UARTEx_DisableFifoMode
                0x08006aae       0x70 ./Drivers/STM32WLxx_HAL_Driver/Src/stm32wlxx_hal_uart_ex.o
                0x08006aae                HAL_UARTEx_DisableFifoMode
 .text.HAL_UARTEx_SetTxFifoThreshold
                0x08006b1e       0x7c ./Drivers/STM32WLxx_HAL_Driver/Src/stm32wlxx_hal_uart_ex.o
                0x08006b1e                HAL_UARTEx_SetTxFifoThreshold
 .text.HAL_UARTEx_SetRxFifoThreshold
                0x08006b9a       0x7c ./Drivers/STM32WLxx_HAL_Driver/Src/stm32wlxx_hal_uart_ex.o
                0x08006b9a                HAL_UARTEx_SetRxFifoThreshold
 *fill*         0x08006c16        0x2 
 .text.UARTEx_SetNbDataToProcess
                0x08006c18       0x98 ./Drivers/STM32WLxx_HAL_Driver/Src/stm32wlxx_hal_uart_ex.o
 .text.UTIL_MEM_set_8
                0x08006cb0       0x36 ./Utils/misc/stm32_mem.o
                0x08006cb0                UTIL_MEM_set_8
 *fill*         0x08006ce6        0x2 
 .text.snprintf
                0x08006ce8       0x6c C:/ST/STM32CubeIDE_1.17.0/STM32CubeIDE/plugins/com.st.stm32cube.ide.mcu.externaltools.gnu-tools-for-stm32.13.3.rel1.win32_1.0.0.202411081344/tools/bin/../lib/gcc/arm-none-eabi/13.3.1/../../../../arm-none-eabi/lib/thumb/v7e-m/nofp\libc_nano.a(libc_a-snprintf.o)
                0x08006ce8                sniprintf
                0x08006ce8                snprintf
 .text.sprintf  0x08006d54       0x44 C:/ST/STM32CubeIDE_1.17.0/STM32CubeIDE/plugins/com.st.stm32cube.ide.mcu.externaltools.gnu-tools-for-stm32.13.3.rel1.win32_1.0.0.202411081344/tools/bin/../lib/gcc/arm-none-eabi/13.3.1/../../../../arm-none-eabi/lib/thumb/v7e-m/nofp\libc_nano.a(libc_a-sprintf.o)
                0x08006d54                siprintf
                0x08006d54                sprintf
 .text.memset   0x08006d98       0x10 C:/ST/STM32CubeIDE_1.17.0/STM32CubeIDE/plugins/com.st.stm32cube.ide.mcu.externaltools.gnu-tools-for-stm32.13.3.rel1.win32_1.0.0.202411081344/tools/bin/../lib/gcc/arm-none-eabi/13.3.1/../../../../arm-none-eabi/lib/thumb/v7e-m/nofp\libc_nano.a(libc_a-memset.o)
                0x08006d98                memset
 .text.__errno  0x08006da8        0xc C:/ST/STM32CubeIDE_1.17.0/STM32CubeIDE/plugins/com.st.stm32cube.ide.mcu.externaltools.gnu-tools-for-stm32.13.3.rel1.win32_1.0.0.202411081344/tools/bin/../lib/gcc/arm-none-eabi/13.3.1/../../../../arm-none-eabi/lib/thumb/v7e-m/nofp\libc_nano.a(libc_a-errno.o)
                0x08006da8                __errno
 .text.__libc_init_array
                0x08006db4       0x48 C:/ST/STM32CubeIDE_1.17.0/STM32CubeIDE/plugins/com.st.stm32cube.ide.mcu.externaltools.gnu-tools-for-stm32.13.3.rel1.win32_1.0.0.202411081344/tools/bin/../lib/gcc/arm-none-eabi/13.3.1/../../../../arm-none-eabi/lib/thumb/v7e-m/nofp\libc_nano.a(libc_a-init.o)
                0x08006db4                __libc_init_array
 .text.__retarget_lock_acquire_recursive
                0x08006dfc        0x2 C:/ST/STM32CubeIDE_1.17.0/STM32CubeIDE/plugins/com.st.stm32cube.ide.mcu.externaltools.gnu-tools-for-stm32.13.3.rel1.win32_1.0.0.202411081344/tools/bin/../lib/gcc/arm-none-eabi/13.3.1/../../../../arm-none-eabi/lib/thumb/v7e-m/nofp\libc_nano.a(libc_a-lock.o)
                0x08006dfc                __retarget_lock_acquire_recursive
 .text.__retarget_lock_release_recursive
                0x08006dfe        0x2 C:/ST/STM32CubeIDE_1.17.0/STM32CubeIDE/plugins/com.st.stm32cube.ide.mcu.externaltools.gnu-tools-for-stm32.13.3.rel1.win32_1.0.0.202411081344/tools/bin/../lib/gcc/arm-none-eabi/13.3.1/../../../../arm-none-eabi/lib/thumb/v7e-m/nofp\libc_nano.a(libc_a-lock.o)
                0x08006dfe                __retarget_lock_release_recursive
 .text._free_r  0x08006e00       0x94 C:/ST/STM32CubeIDE_1.17.0/STM32CubeIDE/plugins/com.st.stm32cube.ide.mcu.externaltools.gnu-tools-for-stm32.13.3.rel1.win32_1.0.0.202411081344/tools/bin/../lib/gcc/arm-none-eabi/13.3.1/../../../../arm-none-eabi/lib/thumb/v7e-m/nofp\libc_nano.a(libc_a-freer.o)
                0x08006e00                _free_r
 .text.sbrk_aligned
                0x08006e94       0x44 C:/ST/STM32CubeIDE_1.17.0/STM32CubeIDE/plugins/com.st.stm32cube.ide.mcu.externaltools.gnu-tools-for-stm32.13.3.rel1.win32_1.0.0.202411081344/tools/bin/../lib/gcc/arm-none-eabi/13.3.1/../../../../arm-none-eabi/lib/thumb/v7e-m/nofp\libc_nano.a(libc_a-mallocr.o)
 .text._malloc_r
                0x08006ed8      0x100 C:/ST/STM32CubeIDE_1.17.0/STM32CubeIDE/plugins/com.st.stm32cube.ide.mcu.externaltools.gnu-tools-for-stm32.13.3.rel1.win32_1.0.0.202411081344/tools/bin/../lib/gcc/arm-none-eabi/13.3.1/../../../../arm-none-eabi/lib/thumb/v7e-m/nofp\libc_nano.a(libc_a-mallocr.o)
                0x08006ed8                _malloc_r
 .text.__malloc_lock
                0x08006fd8        0xc C:/ST/STM32CubeIDE_1.17.0/STM32CubeIDE/plugins/com.st.stm32cube.ide.mcu.externaltools.gnu-tools-for-stm32.13.3.rel1.win32_1.0.0.202411081344/tools/bin/../lib/gcc/arm-none-eabi/13.3.1/../../../../arm-none-eabi/lib/thumb/v7e-m/nofp\libc_nano.a(libc_a-mlock.o)
                0x08006fd8                __malloc_lock
 .text.__malloc_unlock
                0x08006fe4        0xc C:/ST/STM32CubeIDE_1.17.0/STM32CubeIDE/plugins/com.st.stm32cube.ide.mcu.externaltools.gnu-tools-for-stm32.13.3.rel1.win32_1.0.0.202411081344/tools/bin/../lib/gcc/arm-none-eabi/13.3.1/../../../../arm-none-eabi/lib/thumb/v7e-m/nofp\libc_nano.a(libc_a-mlock.o)
                0x08006fe4                __malloc_unlock
 .text.__ssputs_r
                0x08006ff0       0xb6 C:/ST/STM32CubeIDE_1.17.0/STM32CubeIDE/plugins/com.st.stm32cube.ide.mcu.externaltools.gnu-tools-for-stm32.13.3.rel1.win32_1.0.0.202411081344/tools/bin/../lib/gcc/arm-none-eabi/13.3.1/../../../../arm-none-eabi/lib/thumb/v7e-m/nofp\libc_nano.a(libc_a-nano-svfprintf.o)
                0x08006ff0                __ssputs_r
 *fill*         0x080070a6        0x2 
 .text._svfprintf_r
                0x080070a8      0x1f8 C:/ST/STM32CubeIDE_1.17.0/STM32CubeIDE/plugins/com.st.stm32cube.ide.mcu.externaltools.gnu-tools-for-stm32.13.3.rel1.win32_1.0.0.202411081344/tools/bin/../lib/gcc/arm-none-eabi/13.3.1/../../../../arm-none-eabi/lib/thumb/v7e-m/nofp\libc_nano.a(libc_a-nano-svfprintf.o)
                0x080070a8                _svfiprintf_r
                0x080070a8                _svfprintf_r
 .text._printf_common
                0x080072a0       0xda C:/ST/STM32CubeIDE_1.17.0/STM32CubeIDE/plugins/com.st.stm32cube.ide.mcu.externaltools.gnu-tools-for-stm32.13.3.rel1.win32_1.0.0.202411081344/tools/bin/../lib/gcc/arm-none-eabi/13.3.1/../../../../arm-none-eabi/lib/thumb/v7e-m/nofp\libc_nano.a(libc_a-nano-vfprintf_i.o)
                0x080072a0                _printf_common
 *fill*         0x0800737a        0x2 
 .text._printf_i
                0x0800737c      0x23c C:/ST/STM32CubeIDE_1.17.0/STM32CubeIDE/plugins/com.st.stm32cube.ide.mcu.externaltools.gnu-tools-for-stm32.13.3.rel1.win32_1.0.0.202411081344/tools/bin/../lib/gcc/arm-none-eabi/13.3.1/../../../../arm-none-eabi/lib/thumb/v7e-m/nofp\libc_nano.a(libc_a-nano-vfprintf_i.o)
                0x0800737c                _printf_i
 .text.memmove  0x080075b8       0x34 C:/ST/STM32CubeIDE_1.17.0/STM32CubeIDE/plugins/com.st.stm32cube.ide.mcu.externaltools.gnu-tools-for-stm32.13.3.rel1.win32_1.0.0.202411081344/tools/bin/../lib/gcc/arm-none-eabi/13.3.1/../../../../arm-none-eabi/lib/thumb/v7e-m/nofp\libc_nano.a(libc_a-memmove.o)
                0x080075b8                memmove
 .text._sbrk_r  0x080075ec       0x20 C:/ST/STM32CubeIDE_1.17.0/STM32CubeIDE/plugins/com.st.stm32cube.ide.mcu.externaltools.gnu-tools-for-stm32.13.3.rel1.win32_1.0.0.202411081344/tools/bin/../lib/gcc/arm-none-eabi/13.3.1/../../../../arm-none-eabi/lib/thumb/v7e-m/nofp\libc_nano.a(libc_a-sbrkr.o)
                0x080075ec                _sbrk_r
 .text.memcpy   0x0800760c       0x1c C:/ST/STM32CubeIDE_1.17.0/STM32CubeIDE/plugins/com.st.stm32cube.ide.mcu.externaltools.gnu-tools-for-stm32.13.3.rel1.win32_1.0.0.202411081344/tools/bin/../lib/gcc/arm-none-eabi/13.3.1/../../../../arm-none-eabi/lib/thumb/v7e-m/nofp\libc_nano.a(libc_a-memcpy-stub.o)
                0x0800760c                memcpy
 .text._realloc_r
                0x08007628       0x5c C:/ST/STM32CubeIDE_1.17.0/STM32CubeIDE/plugins/com.st.stm32cube.ide.mcu.externaltools.gnu-tools-for-stm32.13.3.rel1.win32_1.0.0.202411081344/tools/bin/../lib/gcc/arm-none-eabi/13.3.1/../../../../arm-none-eabi/lib/thumb/v7e-m/nofp\libc_nano.a(libc_a-reallocr.o)
                0x08007628                _realloc_r
 .text._malloc_usable_size_r
                0x08007684       0x10 C:/ST/STM32CubeIDE_1.17.0/STM32CubeIDE/plugins/com.st.stm32cube.ide.mcu.externaltools.gnu-tools-for-stm32.13.3.rel1.win32_1.0.0.202411081344/tools/bin/../lib/gcc/arm-none-eabi/13.3.1/../../../../arm-none-eabi/lib/thumb/v7e-m/nofp\libc_nano.a(libc_a-msizer.o)
                0x08007684                _malloc_usable_size_r
 *(.glue_7)
 .glue_7        0x08007694        0x0 linker stubs
 *(.glue_7t)
 .glue_7t       0x08007694        0x0 linker stubs
 *(.eh_frame)
 .eh_frame      0x08007694        0x0 C:/ST/STM32CubeIDE_1.17.0/STM32CubeIDE/plugins/com.st.stm32cube.ide.mcu.externaltools.gnu-tools-for-stm32.13.3.rel1.win32_1.0.0.202411081344/tools/bin/../lib/gcc/arm-none-eabi/13.3.1/thumb/v7e-m/nofp/crtbegin.o
 *(.init)
 .init          0x08007694        0x4 C:/ST/STM32CubeIDE_1.17.0/STM32CubeIDE/plugins/com.st.stm32cube.ide.mcu.externaltools.gnu-tools-for-stm32.13.3.rel1.win32_1.0.0.202411081344/tools/bin/../lib/gcc/arm-none-eabi/13.3.1/thumb/v7e-m/nofp/crti.o
                0x08007694                _init
 .init          0x08007698        0x8 C:/ST/STM32CubeIDE_1.17.0/STM32CubeIDE/plugins/com.st.stm32cube.ide.mcu.externaltools.gnu-tools-for-stm32.13.3.rel1.win32_1.0.0.202411081344/tools/bin/../lib/gcc/arm-none-eabi/13.3.1/thumb/v7e-m/nofp/crtn.o
 *(.fini)
 .fini          0x080076a0        0x4 C:/ST/STM32CubeIDE_1.17.0/STM32CubeIDE/plugins/com.st.stm32cube.ide.mcu.externaltools.gnu-tools-for-stm32.13.3.rel1.win32_1.0.0.202411081344/tools/bin/../lib/gcc/arm-none-eabi/13.3.1/thumb/v7e-m/nofp/crti.o
                0x080076a0                _fini
 .fini          0x080076a4        0x8 C:/ST/STM32CubeIDE_1.17.0/STM32CubeIDE/plugins/com.st.stm32cube.ide.mcu.externaltools.gnu-tools-for-stm32.13.3.rel1.win32_1.0.0.202411081344/tools/bin/../lib/gcc/arm-none-eabi/13.3.1/thumb/v7e-m/nofp/crtn.o
                0x080076ac                        . = ALIGN (0x4)
                0x080076ac                        _etext = .

.vfp11_veneer   0x080076ac        0x0
 .vfp11_veneer  0x080076ac        0x0 linker stubs

.v4_bx          0x080076ac        0x0
 .v4_bx         0x080076ac        0x0 linker stubs

.iplt           0x080076ac        0x0
 .iplt          0x080076ac        0x0 C:/ST/STM32CubeIDE_1.17.0/STM32CubeIDE/plugins/com.st.stm32cube.ide.mcu.externaltools.gnu-tools-for-stm32.13.3.rel1.win32_1.0.0.202411081344/tools/bin/../lib/gcc/arm-none-eabi/13.3.1/thumb/v7e-m/nofp/crtbegin.o

.rodata         0x080076ac      0x1c0
                0x080076ac                        . = ALIGN (0x4)
 *(.rodata)
 .rodata        0x080076ac       0xa0 ./Core/Src/main.o
 .rodata        0x0800774c       0x1c ./Drivers/STM32WLxx_HAL_Driver/Src/stm32wlxx_hal_rcc.o
 *(.rodata*)
 .rodata.AHBPrescTable
                0x08007768       0x40 ./Core/Src/system_stm32wlxx.o
                0x08007768                AHBPrescTable
 .rodata.APBPrescTable
                0x080077a8       0x20 ./Core/Src/system_stm32wlxx.o
                0x080077a8                APBPrescTable
 .rodata.MSIRangeTable
                0x080077c8       0x40 ./Core/Src/system_stm32wlxx.o
                0x080077c8                MSIRangeTable
 .rodata.LED_PIN
                0x08007808        0x6 ./Drivers/BSP/STM32WLxx_Nucleo/stm32wlxx_nucleo.o
 *fill*         0x0800780e        0x2 
 .rodata.UARTPrescTable
                0x08007810       0x18 ./Drivers/STM32WLxx_HAL_Driver/Src/stm32wlxx_hal_uart.o
                0x08007810                UARTPrescTable
 .rodata.numerator.1
                0x08007828        0x8 ./Drivers/STM32WLxx_HAL_Driver/Src/stm32wlxx_hal_uart_ex.o
 .rodata.denominator.0
                0x08007830        0x8 ./Drivers/STM32WLxx_HAL_Driver/Src/stm32wlxx_hal_uart_ex.o
 .rodata._svfprintf_r.str1.1
                0x08007838       0x33 C:/ST/STM32CubeIDE_1.17.0/STM32CubeIDE/plugins/com.st.stm32cube.ide.mcu.externaltools.gnu-tools-for-stm32.13.3.rel1.win32_1.0.0.202411081344/tools/bin/../lib/gcc/arm-none-eabi/13.3.1/../../../../arm-none-eabi/lib/thumb/v7e-m/nofp\libc_nano.a(libc_a-nano-svfprintf.o)
                                 0x11 (size before relaxing)
 .rodata._printf_i.str1.1
                0x0800786b       0x22 C:/ST/STM32CubeIDE_1.17.0/STM32CubeIDE/plugins/com.st.stm32cube.ide.mcu.externaltools.gnu-tools-for-stm32.13.3.rel1.win32_1.0.0.202411081344/tools/bin/../lib/gcc/arm-none-eabi/13.3.1/../../../../arm-none-eabi/lib/thumb/v7e-m/nofp\libc_nano.a(libc_a-nano-vfprintf_i.o)
                0x08007890                        . = ALIGN (0x4)
 *fill*         0x0800786b        0x1 

.ARM.extab      0x0800786c        0x0
                0x0800786c                        . = ALIGN (0x4)
 *(.ARM.extab* .gnu.linkonce.armextab.*)
                0x0800786c                        . = ALIGN (0x4)

.ARM            0x0800786c        0x8
                0x0800786c                        . = ALIGN (0x4)
                0x0800786c                        __exidx_start = .
 *(.ARM.exidx*)
 .ARM.exidx     0x0800786c        0x8 C:/ST/STM32CubeIDE_1.17.0/STM32CubeIDE/plugins/com.st.stm32cube.ide.mcu.externaltools.gnu-tools-for-stm32.13.3.rel1.win32_1.0.0.202411081344/tools/bin/../lib/gcc/arm-none-eabi/13.3.1/../../../../arm-none-eabi/lib/thumb/v7e-m/nofp\libc_nano.a(libc_a-strlen.o)
 .ARM.exidx     0x08007874        0x0 C:/ST/STM32CubeIDE_1.17.0/STM32CubeIDE/plugins/com.st.stm32cube.ide.mcu.externaltools.gnu-tools-for-stm32.13.3.rel1.win32_1.0.0.202411081344/tools/bin/../lib/gcc/arm-none-eabi/13.3.1/../../../../arm-none-eabi/lib/thumb/v7e-m/nofp\libc_nano.a(libc_a-memchr.o)
                                  0x8 (size before relaxing)
 .ARM.exidx     0x08007874        0x0 C:/ST/STM32CubeIDE_1.17.0/STM32CubeIDE/plugins/com.st.stm32cube.ide.mcu.externaltools.gnu-tools-for-stm32.13.3.rel1.win32_1.0.0.202411081344/tools/bin/../lib/gcc/arm-none-eabi/13.3.1/thumb/v7e-m/nofp\libgcc.a(_udivmoddi4.o)
                                  0x8 (size before relaxing)
                0x08007874                        __exidx_end = .
                0x08007874                        . = ALIGN (0x4)

.preinit_array  0x08007874        0x0
                0x08007874                        . = ALIGN (0x4)
                0x08007874                        PROVIDE (__preinit_array_start = .)
 *(.preinit_array*)
                0x08007874                        PROVIDE (__preinit_array_end = .)
                0x08007874                        . = ALIGN (0x4)

.init_array     0x08007874        0x4
                0x08007874                        . = ALIGN (0x4)
                0x08007874                        PROVIDE (__init_array_start = .)
 *(SORT_BY_NAME(.init_array.*))
 *(.init_array*)
 .init_array    0x08007874        0x4 C:/ST/STM32CubeIDE_1.17.0/STM32CubeIDE/plugins/com.st.stm32cube.ide.mcu.externaltools.gnu-tools-for-stm32.13.3.rel1.win32_1.0.0.202411081344/tools/bin/../lib/gcc/arm-none-eabi/13.3.1/thumb/v7e-m/nofp/crtbegin.o
                0x08007878                        PROVIDE (__init_array_end = .)
                0x08007878                        . = ALIGN (0x4)

.fini_array     0x08007878        0x4
                0x08007878                        . = ALIGN (0x4)
                [!provide]                        PROVIDE (__fini_array_start = .)
 *(SORT_BY_NAME(.fini_array.*))
 *(.fini_array*)
 .fini_array    0x08007878        0x4 C:/ST/STM32CubeIDE_1.17.0/STM32CubeIDE/plugins/com.st.stm32cube.ide.mcu.externaltools.gnu-tools-for-stm32.13.3.rel1.win32_1.0.0.202411081344/tools/bin/../lib/gcc/arm-none-eabi/13.3.1/thumb/v7e-m/nofp/crtbegin.o
                [!provide]                        PROVIDE (__fini_array_end = .)
                0x0800787c                        . = ALIGN (0x4)
                0x0800787c                        _sidata = LOADADDR (.data)

.rel.dyn        0x0800787c        0x0
 .rel.iplt      0x0800787c        0x0 C:/ST/STM32CubeIDE_1.17.0/STM32CubeIDE/plugins/com.st.stm32cube.ide.mcu.externaltools.gnu-tools-for-stm32.13.3.rel1.win32_1.0.0.202411081344/tools/bin/../lib/gcc/arm-none-eabi/13.3.1/thumb/v7e-m/nofp/crtbegin.o

.data           0x20000000      0x170 load address 0x0800787c
                0x20000000                        . = ALIGN (0x4)
                0x20000000                        _sdata = .
 *(.data)
 *(.data*)
 .data.retries  0x20000000        0x2 ./Core/Src/main.o
                0x20000000                retries
 *fill*         0x20000002        0x2 
 .data.id       0x20000004      0x100 ./Core/Src/main.o
                0x20000004                id
 .data.idLen    0x20000104        0x4 ./Core/Src/main.o
                0x20000104                idLen
 .data.SystemCoreClock
                0x20000108        0x4 ./Core/Src/system_stm32wlxx.o
                0x20000108                SystemCoreClock
 .data.LED_PORT
                0x2000010c        0xc ./Drivers/BSP/STM32WLxx_Nucleo/stm32wlxx_nucleo.o
 .data.uwTickPrio
                0x20000118        0x4 ./Drivers/STM32WLxx_HAL_Driver/Src/stm32wlxx_hal.o
                0x20000118                uwTickPrio
 .data.uwTickFreq
                0x2000011c        0x1 ./Drivers/STM32WLxx_HAL_Driver/Src/stm32wlxx_hal.o
                0x2000011c                uwTickFreq
 *fill*         0x2000011d        0x3 
 .data._impure_ptr
                0x20000120        0x4 C:/ST/STM32CubeIDE_1.17.0/STM32CubeIDE/plugins/com.st.stm32cube.ide.mcu.externaltools.gnu-tools-for-stm32.13.3.rel1.win32_1.0.0.202411081344/tools/bin/../lib/gcc/arm-none-eabi/13.3.1/../../../../arm-none-eabi/lib/thumb/v7e-m/nofp\libc_nano.a(libc_a-impure.o)
                0x20000120                _impure_ptr
 .data._impure_data
                0x20000124       0x4c C:/ST/STM32CubeIDE_1.17.0/STM32CubeIDE/plugins/com.st.stm32cube.ide.mcu.externaltools.gnu-tools-for-stm32.13.3.rel1.win32_1.0.0.202411081344/tools/bin/../lib/gcc/arm-none-eabi/13.3.1/../../../../arm-none-eabi/lib/thumb/v7e-m/nofp\libc_nano.a(libc_a-impure.o)
                0x20000124                _impure_data
 *(.RamFunc)
 *(.RamFunc*)
                0x20000170                        . = ALIGN (0x4)
                0x20000170                        _edata = .

.igot.plt       0x20000170        0x0 load address 0x080079ec
 .igot.plt      0x20000170        0x0 C:/ST/STM32CubeIDE_1.17.0/STM32CubeIDE/plugins/com.st.stm32cube.ide.mcu.externaltools.gnu-tools-for-stm32.13.3.rel1.win32_1.0.0.202411081344/tools/bin/../lib/gcc/arm-none-eabi/13.3.1/thumb/v7e-m/nofp/crtbegin.o
                0x20000170                        . = ALIGN (0x4)

.bss            0x20000170      0x43c load address 0x080079ec
                0x20000170                        _sbss = .
                0x20000170                        __bss_start__ = _sbss
 *(.bss)
 .bss           0x20000170       0x1c C:/ST/STM32CubeIDE_1.17.0/STM32CubeIDE/plugins/com.st.stm32cube.ide.mcu.externaltools.gnu-tools-for-stm32.13.3.rel1.win32_1.0.0.202411081344/tools/bin/../lib/gcc/arm-none-eabi/13.3.1/thumb/v7e-m/nofp/crtbegin.o
 *(.bss*)
 .bss.buffer    0x2000018c      0x100 ./Core/Src/main.o
                0x2000018c                buffer
 .bss.output    0x2000028c      0x100 ./Core/Src/main.o
                0x2000028c                output
 .bss.input     0x2000038c        0x1 ./Core/Src/main.o
                0x2000038c                input
 *fill*         0x2000038d        0x1 
 .bss.count     0x2000038e        0x2 ./Core/Src/main.o
                0x2000038e                count
 .bss.messageReady
                0x20000390        0x1 ./Core/Src/main.o
                0x20000390                messageReady
 .bss.connected
                0x20000391        0x1 ./Core/Src/main.o
                0x20000391                connected
 *fill*         0x20000392        0x2 
 .bss.currentEvent
                0x20000394        0x4 ./Core/Src/main.o
                0x20000394                currentEvent
 .bss.packetParams
                0x20000398       0x14 ./Core/Src/main.o
                0x20000398                packetParams
 .bss.hsubghz   0x200003ac        0xc ./Core/Src/subghz.o
                0x200003ac                hsubghz
 .bss.__sbrk_heap_end
                0x200003b8        0x4 ./Core/Src/sysmem.o
 .bss.huart2    0x200003bc       0x94 ./Core/Src/usart.o
                0x200003bc                huart2
 .bss.OperatingMode
                0x20000450        0x1 ./Drivers/Radio_Driver/radio_driver.o
 .bss.PacketType
                0x20000451        0x1 ./Drivers/Radio_Driver/radio_driver.o
 .bss.LoRaHeaderType
                0x20000452        0x1 ./Drivers/Radio_Driver/radio_driver.o
 *fill*         0x20000453        0x1 
 .bss.FrequencyError
                0x20000454        0x4 ./Drivers/Radio_Driver/radio_driver.o
                0x20000454                FrequencyError
 .bss.ImageCalibrated
                0x20000458        0x1 ./Drivers/Radio_Driver/radio_driver.o
 *fill*         0x20000459        0x3 
 .bss.RadioOnDioIrqCb
                0x2000045c        0x4 ./Drivers/Radio_Driver/radio_driver.o
 .bss.uwTick    0x20000460        0x4 ./Drivers/STM32WLxx_HAL_Driver/Src/stm32wlxx_hal.o
                0x20000460                uwTick
 .bss.__sf      0x20000464      0x138 C:/ST/STM32CubeIDE_1.17.0/STM32CubeIDE/plugins/com.st.stm32cube.ide.mcu.externaltools.gnu-tools-for-stm32.13.3.rel1.win32_1.0.0.202411081344/tools/bin/../lib/gcc/arm-none-eabi/13.3.1/../../../../arm-none-eabi/lib/thumb/v7e-m/nofp\libc_nano.a(libc_a-findfp.o)
                0x20000464                __sf
 .bss.errno     0x2000059c        0x4 C:/ST/STM32CubeIDE_1.17.0/STM32CubeIDE/plugins/com.st.stm32cube.ide.mcu.externaltools.gnu-tools-for-stm32.13.3.rel1.win32_1.0.0.202411081344/tools/bin/../lib/gcc/arm-none-eabi/13.3.1/../../../../arm-none-eabi/lib/thumb/v7e-m/nofp\libc_nano.a(libc_a-reent.o)
                0x2000059c                errno
 .bss.__lock___malloc_recursive_mutex
                0x200005a0        0x1 C:/ST/STM32CubeIDE_1.17.0/STM32CubeIDE/plugins/com.st.stm32cube.ide.mcu.externaltools.gnu-tools-for-stm32.13.3.rel1.win32_1.0.0.202411081344/tools/bin/../lib/gcc/arm-none-eabi/13.3.1/../../../../arm-none-eabi/lib/thumb/v7e-m/nofp\libc_nano.a(libc_a-lock.o)
                0x200005a0                __lock___malloc_recursive_mutex
 *fill*         0x200005a1        0x3 
 .bss.__malloc_sbrk_start
                0x200005a4        0x4 C:/ST/STM32CubeIDE_1.17.0/STM32CubeIDE/plugins/com.st.stm32cube.ide.mcu.externaltools.gnu-tools-for-stm32.13.3.rel1.win32_1.0.0.202411081344/tools/bin/../lib/gcc/arm-none-eabi/13.3.1/../../../../arm-none-eabi/lib/thumb/v7e-m/nofp\libc_nano.a(libc_a-mallocr.o)
                0x200005a4                __malloc_sbrk_start
 .bss.__malloc_free_list
                0x200005a8        0x4 C:/ST/STM32CubeIDE_1.17.0/STM32CubeIDE/plugins/com.st.stm32cube.ide.mcu.externaltools.gnu-tools-for-stm32.13.3.rel1.win32_1.0.0.202411081344/tools/bin/../lib/gcc/arm-none-eabi/13.3.1/../../../../arm-none-eabi/lib/thumb/v7e-m/nofp\libc_nano.a(libc_a-mallocr.o)
                0x200005a8                __malloc_free_list
 *(COMMON)
                0x200005ac                        . = ALIGN (0x4)
                0x200005ac                        _ebss = .
                0x200005ac                        __bss_end__ = _ebss

._user_heap_stack
                0x200005ac      0x604 load address 0x080079ec
                0x200005b0                        . = ALIGN (0x8)
 *fill*         0x200005ac        0x4 
                [!provide]                        PROVIDE (end = .)
                0x200005b0                        PROVIDE (_end = .)
                0x200007b0                        . = (. + _Min_Heap_Size)
 *fill*         0x200005b0      0x200 
                0x20000bb0                        . = (. + _Min_Stack_Size)
 *fill*         0x200007b0      0x400 
                0x20000bb0                        . = ALIGN (0x8)

/DISCARD/
 libc.a(*)
 libm.a(*)
 libgcc.a(*)

.ARM.attributes
                0x00000000       0x2a
 *(.ARM.attributes)
 .ARM.attributes
                0x00000000       0x1e C:/ST/STM32CubeIDE_1.17.0/STM32CubeIDE/plugins/com.st.stm32cube.ide.mcu.externaltools.gnu-tools-for-stm32.13.3.rel1.win32_1.0.0.202411081344/tools/bin/../lib/gcc/arm-none-eabi/13.3.1/thumb/v7e-m/nofp/crti.o
 .ARM.attributes
                0x0000001e       0x2e C:/ST/STM32CubeIDE_1.17.0/STM32CubeIDE/plugins/com.st.stm32cube.ide.mcu.externaltools.gnu-tools-for-stm32.13.3.rel1.win32_1.0.0.202411081344/tools/bin/../lib/gcc/arm-none-eabi/13.3.1/thumb/v7e-m/nofp/crtbegin.o
 .ARM.attributes
                0x0000004c       0x2e ./Core/Src/gpio.o
 .ARM.attributes
                0x0000007a       0x2e ./Core/Src/main.o
 .ARM.attributes
                0x000000a8       0x2e ./Core/Src/stm32wlxx_hal_msp.o
 .ARM.attributes
                0x000000d6       0x2e ./Core/Src/stm32wlxx_it.o
 .ARM.attributes
                0x00000104       0x2e ./Core/Src/subghz.o
 .ARM.attributes
                0x00000132       0x2e ./Core/Src/sysmem.o
 .ARM.attributes
                0x00000160       0x2e ./Core/Src/system_stm32wlxx.o
 .ARM.attributes
                0x0000018e       0x2e ./Core/Src/usart.o
 .ARM.attributes
                0x000001bc       0x21 ./Core/Startup/startup_stm32wl55jcix.o
 .ARM.attributes
                0x000001dd       0x2e ./Drivers/BSP/STM32WLxx_Nucleo/stm32wlxx_nucleo.o
 .ARM.attributes
                0x0000020b       0x2e ./Drivers/BSP/STM32WLxx_Nucleo/stm32wlxx_nucleo_radio.o
 .ARM.attributes
                0x00000239       0x2e ./Drivers/Radio_Driver/radio_board_if.o
 .ARM.attributes
                0x00000267       0x2e ./Drivers/Radio_Driver/radio_driver.o
 .ARM.attributes
                0x00000295       0x2e ./Drivers/STM32WLxx_HAL_Driver/Src/stm32wlxx_hal.o
 .ARM.attributes
                0x000002c3       0x2e ./Drivers/STM32WLxx_HAL_Driver/Src/stm32wlxx_hal_cortex.o
 .ARM.attributes
                0x000002f1       0x2e ./Drivers/STM32WLxx_HAL_Driver/Src/stm32wlxx_hal_dma.o
 .ARM.attributes
                0x0000031f       0x2e ./Drivers/STM32WLxx_HAL_Driver/Src/stm32wlxx_hal_gpio.o
 .ARM.attributes
                0x0000034d       0x2e ./Drivers/STM32WLxx_HAL_Driver/Src/stm32wlxx_hal_pwr.o
 .ARM.attributes
                0x0000037b       0x2e ./Drivers/STM32WLxx_HAL_Driver/Src/stm32wlxx_hal_pwr_ex.o
 .ARM.attributes
                0x000003a9       0x2e ./Drivers/STM32WLxx_HAL_Driver/Src/stm32wlxx_hal_rcc.o
 .ARM.attributes
                0x000003d7       0x2e ./Drivers/STM32WLxx_HAL_Driver/Src/stm32wlxx_hal_rcc_ex.o
 .ARM.attributes
                0x00000405       0x2e ./Drivers/STM32WLxx_HAL_Driver/Src/stm32wlxx_hal_subghz.o
 .ARM.attributes
                0x00000433       0x2e ./Drivers/STM32WLxx_HAL_Driver/Src/stm32wlxx_hal_uart.o
 .ARM.attributes
                0x00000461       0x2e ./Drivers/STM32WLxx_HAL_Driver/Src/stm32wlxx_hal_uart_ex.o
 .ARM.attributes
                0x0000048f       0x2e ./Utils/misc/stm32_mem.o
 .ARM.attributes
                0x000004bd       0x2e C:/ST/STM32CubeIDE_1.17.0/STM32CubeIDE/plugins/com.st.stm32cube.ide.mcu.externaltools.gnu-tools-for-stm32.13.3.rel1.win32_1.0.0.202411081344/tools/bin/../lib/gcc/arm-none-eabi/13.3.1/../../../../arm-none-eabi/lib/thumb/v7e-m/nofp\libc_nano.a(libc_a-findfp.o)
 .ARM.attributes
                0x000004eb       0x2e C:/ST/STM32CubeIDE_1.17.0/STM32CubeIDE/plugins/com.st.stm32cube.ide.mcu.externaltools.gnu-tools-for-stm32.13.3.rel1.win32_1.0.0.202411081344/tools/bin/../lib/gcc/arm-none-eabi/13.3.1/../../../../arm-none-eabi/lib/thumb/v7e-m/nofp\libc_nano.a(libc_a-snprintf.o)
 .ARM.attributes
                0x00000519       0x2e C:/ST/STM32CubeIDE_1.17.0/STM32CubeIDE/plugins/com.st.stm32cube.ide.mcu.externaltools.gnu-tools-for-stm32.13.3.rel1.win32_1.0.0.202411081344/tools/bin/../lib/gcc/arm-none-eabi/13.3.1/../../../../arm-none-eabi/lib/thumb/v7e-m/nofp\libc_nano.a(libc_a-sprintf.o)
 .ARM.attributes
                0x00000547       0x2e C:/ST/STM32CubeIDE_1.17.0/STM32CubeIDE/plugins/com.st.stm32cube.ide.mcu.externaltools.gnu-tools-for-stm32.13.3.rel1.win32_1.0.0.202411081344/tools/bin/../lib/gcc/arm-none-eabi/13.3.1/../../../../arm-none-eabi/lib/thumb/v7e-m/nofp\libc_nano.a(libc_a-memset.o)
 .ARM.attributes
                0x00000575       0x2e C:/ST/STM32CubeIDE_1.17.0/STM32CubeIDE/plugins/com.st.stm32cube.ide.mcu.externaltools.gnu-tools-for-stm32.13.3.rel1.win32_1.0.0.202411081344/tools/bin/../lib/gcc/arm-none-eabi/13.3.1/../../../../arm-none-eabi/lib/thumb/v7e-m/nofp\libc_nano.a(libc_a-reent.o)
 .ARM.attributes
                0x000005a3       0x2e C:/ST/STM32CubeIDE_1.17.0/STM32CubeIDE/plugins/com.st.stm32cube.ide.mcu.externaltools.gnu-tools-for-stm32.13.3.rel1.win32_1.0.0.202411081344/tools/bin/../lib/gcc/arm-none-eabi/13.3.1/../../../../arm-none-eabi/lib/thumb/v7e-m/nofp\libc_nano.a(libc_a-impure.o)
 .ARM.attributes
                0x000005d1       0x2e C:/ST/STM32CubeIDE_1.17.0/STM32CubeIDE/plugins/com.st.stm32cube.ide.mcu.externaltools.gnu-tools-for-stm32.13.3.rel1.win32_1.0.0.202411081344/tools/bin/../lib/gcc/arm-none-eabi/13.3.1/../../../../arm-none-eabi/lib/thumb/v7e-m/nofp\libc_nano.a(libc_a-errno.o)
 .ARM.attributes
                0x000005ff       0x2e C:/ST/STM32CubeIDE_1.17.0/STM32CubeIDE/plugins/com.st.stm32cube.ide.mcu.externaltools.gnu-tools-for-stm32.13.3.rel1.win32_1.0.0.202411081344/tools/bin/../lib/gcc/arm-none-eabi/13.3.1/../../../../arm-none-eabi/lib/thumb/v7e-m/nofp\libc_nano.a(libc_a-init.o)
 .ARM.attributes
                0x0000062d       0x2e C:/ST/STM32CubeIDE_1.17.0/STM32CubeIDE/plugins/com.st.stm32cube.ide.mcu.externaltools.gnu-tools-for-stm32.13.3.rel1.win32_1.0.0.202411081344/tools/bin/../lib/gcc/arm-none-eabi/13.3.1/../../../../arm-none-eabi/lib/thumb/v7e-m/nofp\libc_nano.a(libc_a-lock.o)
 .ARM.attributes
                0x0000065b       0x17 C:/ST/STM32CubeIDE_1.17.0/STM32CubeIDE/plugins/com.st.stm32cube.ide.mcu.externaltools.gnu-tools-for-stm32.13.3.rel1.win32_1.0.0.202411081344/tools/bin/../lib/gcc/arm-none-eabi/13.3.1/../../../../arm-none-eabi/lib/thumb/v7e-m/nofp\libc_nano.a(libc_a-strlen.o)
 .ARM.attributes
                0x00000672       0x2e C:/ST/STM32CubeIDE_1.17.0/STM32CubeIDE/plugins/com.st.stm32cube.ide.mcu.externaltools.gnu-tools-for-stm32.13.3.rel1.win32_1.0.0.202411081344/tools/bin/../lib/gcc/arm-none-eabi/13.3.1/../../../../arm-none-eabi/lib/thumb/v7e-m/nofp\libc_nano.a(libc_a-freer.o)
 .ARM.attributes
                0x000006a0       0x2e C:/ST/STM32CubeIDE_1.17.0/STM32CubeIDE/plugins/com.st.stm32cube.ide.mcu.externaltools.gnu-tools-for-stm32.13.3.rel1.win32_1.0.0.202411081344/tools/bin/../lib/gcc/arm-none-eabi/13.3.1/../../../../arm-none-eabi/lib/thumb/v7e-m/nofp\libc_nano.a(libc_a-mallocr.o)
 .ARM.attributes
                0x000006ce       0x2e C:/ST/STM32CubeIDE_1.17.0/STM32CubeIDE/plugins/com.st.stm32cube.ide.mcu.externaltools.gnu-tools-for-stm32.13.3.rel1.win32_1.0.0.202411081344/tools/bin/../lib/gcc/arm-none-eabi/13.3.1/../../../../arm-none-eabi/lib/thumb/v7e-m/nofp\libc_nano.a(libc_a-mlock.o)
 .ARM.attributes
                0x000006fc       0x2e C:/ST/STM32CubeIDE_1.17.0/STM32CubeIDE/plugins/com.st.stm32cube.ide.mcu.externaltools.gnu-tools-for-stm32.13.3.rel1.win32_1.0.0.202411081344/tools/bin/../lib/gcc/arm-none-eabi/13.3.1/../../../../arm-none-eabi/lib/thumb/v7e-m/nofp\libc_nano.a(libc_a-nano-svfprintf.o)
 .ARM.attributes
                0x0000072a       0x2e C:/ST/STM32CubeIDE_1.17.0/STM32CubeIDE/plugins/com.st.stm32cube.ide.mcu.externaltools.gnu-tools-for-stm32.13.3.rel1.win32_1.0.0.202411081344/tools/bin/../lib/gcc/arm-none-eabi/13.3.1/../../../../arm-none-eabi/lib/thumb/v7e-m/nofp\libc_nano.a(libc_a-nano-vfprintf_i.o)
 .ARM.attributes
                0x00000758       0x2e C:/ST/STM32CubeIDE_1.17.0/STM32CubeIDE/plugins/com.st.stm32cube.ide.mcu.externaltools.gnu-tools-for-stm32.13.3.rel1.win32_1.0.0.202411081344/tools/bin/../lib/gcc/arm-none-eabi/13.3.1/../../../../arm-none-eabi/lib/thumb/v7e-m/nofp\libc_nano.a(libc_a-memmove.o)
 .ARM.attributes
                0x00000786       0x2e C:/ST/STM32CubeIDE_1.17.0/STM32CubeIDE/plugins/com.st.stm32cube.ide.mcu.externaltools.gnu-tools-for-stm32.13.3.rel1.win32_1.0.0.202411081344/tools/bin/../lib/gcc/arm-none-eabi/13.3.1/../../../../arm-none-eabi/lib/thumb/v7e-m/nofp\libc_nano.a(libc_a-sbrkr.o)
 .ARM.attributes
                0x000007b4       0x1c C:/ST/STM32CubeIDE_1.17.0/STM32CubeIDE/plugins/com.st.stm32cube.ide.mcu.externaltools.gnu-tools-for-stm32.13.3.rel1.win32_1.0.0.202411081344/tools/bin/../lib/gcc/arm-none-eabi/13.3.1/../../../../arm-none-eabi/lib/thumb/v7e-m/nofp\libc_nano.a(libc_a-memchr.o)
 .ARM.attributes
                0x000007d0       0x2e C:/ST/STM32CubeIDE_1.17.0/STM32CubeIDE/plugins/com.st.stm32cube.ide.mcu.externaltools.gnu-tools-for-stm32.13.3.rel1.win32_1.0.0.202411081344/tools/bin/../lib/gcc/arm-none-eabi/13.3.1/../../../../arm-none-eabi/lib/thumb/v7e-m/nofp\libc_nano.a(libc_a-memcpy-stub.o)
 .ARM.attributes
                0x000007fe       0x2e C:/ST/STM32CubeIDE_1.17.0/STM32CubeIDE/plugins/com.st.stm32cube.ide.mcu.externaltools.gnu-tools-for-stm32.13.3.rel1.win32_1.0.0.202411081344/tools/bin/../lib/gcc/arm-none-eabi/13.3.1/../../../../arm-none-eabi/lib/thumb/v7e-m/nofp\libc_nano.a(libc_a-reallocr.o)
 .ARM.attributes
                0x0000082c       0x2e C:/ST/STM32CubeIDE_1.17.0/STM32CubeIDE/plugins/com.st.stm32cube.ide.mcu.externaltools.gnu-tools-for-stm32.13.3.rel1.win32_1.0.0.202411081344/tools/bin/../lib/gcc/arm-none-eabi/13.3.1/../../../../arm-none-eabi/lib/thumb/v7e-m/nofp\libc_nano.a(libc_a-msizer.o)
 .ARM.attributes
                0x0000085a       0x1e C:/ST/STM32CubeIDE_1.17.0/STM32CubeIDE/plugins/com.st.stm32cube.ide.mcu.externaltools.gnu-tools-for-stm32.13.3.rel1.win32_1.0.0.202411081344/tools/bin/../lib/gcc/arm-none-eabi/13.3.1/thumb/v7e-m/nofp\libgcc.a(_aeabi_uldivmod.o)
 .ARM.attributes
                0x00000878       0x2e C:/ST/STM32CubeIDE_1.17.0/STM32CubeIDE/plugins/com.st.stm32cube.ide.mcu.externaltools.gnu-tools-for-stm32.13.3.rel1.win32_1.0.0.202411081344/tools/bin/../lib/gcc/arm-none-eabi/13.3.1/thumb/v7e-m/nofp\libgcc.a(_udivmoddi4.o)
 .ARM.attributes
                0x000008a6       0x1e C:/ST/STM32CubeIDE_1.17.0/STM32CubeIDE/plugins/com.st.stm32cube.ide.mcu.externaltools.gnu-tools-for-stm32.13.3.rel1.win32_1.0.0.202411081344/tools/bin/../lib/gcc/arm-none-eabi/13.3.1/thumb/v7e-m/nofp\libgcc.a(_dvmd_tls.o)
 .ARM.attributes
                0x000008c4       0x1e C:/ST/STM32CubeIDE_1.17.0/STM32CubeIDE/plugins/com.st.stm32cube.ide.mcu.externaltools.gnu-tools-for-stm32.13.3.rel1.win32_1.0.0.202411081344/tools/bin/../lib/gcc/arm-none-eabi/13.3.1/thumb/v7e-m/nofp/crtn.o
OUTPUT(STM32_SubGHz_LoRa_Messenger.elf elf32-littlearm)
LOAD linker stubs
LOAD C:/ST/STM32CubeIDE_1.17.0/STM32CubeIDE/plugins/com.st.stm32cube.ide.mcu.externaltools.gnu-tools-for-stm32.13.3.rel1.win32_1.0.0.202411081344/tools/bin/../lib/gcc/arm-none-eabi/13.3.1/../../../../arm-none-eabi/lib/thumb/v7e-m/nofp\libc.a
LOAD C:/ST/STM32CubeIDE_1.17.0/STM32CubeIDE/plugins/com.st.stm32cube.ide.mcu.externaltools.gnu-tools-for-stm32.13.3.rel1.win32_1.0.0.202411081344/tools/bin/../lib/gcc/arm-none-eabi/13.3.1/../../../../arm-none-eabi/lib/thumb/v7e-m/nofp\libm.a
LOAD C:/ST/STM32CubeIDE_1.17.0/STM32CubeIDE/plugins/com.st.stm32cube.ide.mcu.externaltools.gnu-tools-for-stm32.13.3.rel1.win32_1.0.0.202411081344/tools/bin/../lib/gcc/arm-none-eabi/13.3.1/thumb/v7e-m/nofp\libgcc.a

.debug_info     0x00000000    0x15cd8
 .debug_info    0x00000000      0x5d5 ./Core/Src/gpio.o
 .debug_info    0x000005d5     0x1c4b ./Core/Src/main.o
 .debug_info    0x00002220       0xce ./Core/Src/stm32wlxx_hal_msp.o
 .debug_info    0x000022ee      0x952 ./Core/Src/stm32wlxx_it.o
 .debug_info    0x00002c40      0x7f8 ./Core/Src/subghz.o
 .debug_info    0x00003438      0x168 ./Core/Src/sysmem.o
 .debug_info    0x000035a0      0x515 ./Core/Src/system_stm32wlxx.o
 .debug_info    0x00003ab5     0x10e7 ./Core/Src/usart.o
 .debug_info    0x00004b9c       0x30 ./Core/Startup/startup_stm32wl55jcix.o
 .debug_info    0x00004bcc      0xd0d ./Drivers/BSP/STM32WLxx_Nucleo/stm32wlxx_nucleo.o
 .debug_info    0x000058d9      0x707 ./Drivers/BSP/STM32WLxx_Nucleo/stm32wlxx_nucleo_radio.o
 .debug_info    0x00005fe0      0x288 ./Drivers/Radio_Driver/radio_board_if.o
 .debug_info    0x00006268     0x220a ./Drivers/Radio_Driver/radio_driver.o
 .debug_info    0x00008472     0x1165 ./Drivers/STM32WLxx_HAL_Driver/Src/stm32wlxx_hal.o
 .debug_info    0x000095d7      0xd39 ./Drivers/STM32WLxx_HAL_Driver/Src/stm32wlxx_hal_cortex.o
 .debug_info    0x0000a310      0x91a ./Drivers/STM32WLxx_HAL_Driver/Src/stm32wlxx_hal_dma.o
 .debug_info    0x0000ac2a      0x708 ./Drivers/STM32WLxx_HAL_Driver/Src/stm32wlxx_hal_gpio.o
 .debug_info    0x0000b332      0x8e8 ./Drivers/STM32WLxx_HAL_Driver/Src/stm32wlxx_hal_pwr.o
 .debug_info    0x0000bc1a      0xde7 ./Drivers/STM32WLxx_HAL_Driver/Src/stm32wlxx_hal_pwr_ex.o
 .debug_info    0x0000ca01     0x13ef ./Drivers/STM32WLxx_HAL_Driver/Src/stm32wlxx_hal_rcc.o
 .debug_info    0x0000ddf0      0xf21 ./Drivers/STM32WLxx_HAL_Driver/Src/stm32wlxx_hal_rcc_ex.o
 .debug_info    0x0000ed11     0x138d ./Drivers/STM32WLxx_HAL_Driver/Src/stm32wlxx_hal_subghz.o
 .debug_info    0x0001009e     0x4a83 ./Drivers/STM32WLxx_HAL_Driver/Src/stm32wlxx_hal_uart.o
 .debug_info    0x00014b21      0xffa ./Drivers/STM32WLxx_HAL_Driver/Src/stm32wlxx_hal_uart_ex.o
 .debug_info    0x00015b1b      0x1bd ./Utils/misc/stm32_mem.o

.debug_abbrev   0x00000000     0x360c
 .debug_abbrev  0x00000000      0x19d ./Core/Src/gpio.o
 .debug_abbrev  0x0000019d      0x330 ./Core/Src/main.o
 .debug_abbrev  0x000004cd       0x7e ./Core/Src/stm32wlxx_hal_msp.o
 .debug_abbrev  0x0000054b      0x195 ./Core/Src/stm32wlxx_it.o
 .debug_abbrev  0x000006e0      0x219 ./Core/Src/subghz.o
 .debug_abbrev  0x000008f9       0xbc ./Core/Src/sysmem.o
 .debug_abbrev  0x000009b5      0x13e ./Core/Src/system_stm32wlxx.o
 .debug_abbrev  0x00000af3      0x276 ./Core/Src/usart.o
 .debug_abbrev  0x00000d69       0x24 ./Core/Startup/startup_stm32wl55jcix.o
 .debug_abbrev  0x00000d8d      0x28c ./Drivers/BSP/STM32WLxx_Nucleo/stm32wlxx_nucleo.o
 .debug_abbrev  0x00001019      0x21c ./Drivers/BSP/STM32WLxx_Nucleo/stm32wlxx_nucleo_radio.o
 .debug_abbrev  0x00001235      0x109 ./Drivers/Radio_Driver/radio_board_if.o
 .debug_abbrev  0x0000133e      0x412 ./Drivers/Radio_Driver/radio_driver.o
 .debug_abbrev  0x00001750      0x344 ./Drivers/STM32WLxx_HAL_Driver/Src/stm32wlxx_hal.o
 .debug_abbrev  0x00001a94      0x2e8 ./Drivers/STM32WLxx_HAL_Driver/Src/stm32wlxx_hal_cortex.o
 .debug_abbrev  0x00001d7c      0x22a ./Drivers/STM32WLxx_HAL_Driver/Src/stm32wlxx_hal_dma.o
 .debug_abbrev  0x00001fa6      0x1e9 ./Drivers/STM32WLxx_HAL_Driver/Src/stm32wlxx_hal_gpio.o
 .debug_abbrev  0x0000218f      0x209 ./Drivers/STM32WLxx_HAL_Driver/Src/stm32wlxx_hal_pwr.o
 .debug_abbrev  0x00002398      0x302 ./Drivers/STM32WLxx_HAL_Driver/Src/stm32wlxx_hal_pwr_ex.o
 .debug_abbrev  0x0000269a      0x32d ./Drivers/STM32WLxx_HAL_Driver/Src/stm32wlxx_hal_rcc.o
 .debug_abbrev  0x000029c7      0x2cb ./Drivers/STM32WLxx_HAL_Driver/Src/stm32wlxx_hal_rcc_ex.o
 .debug_abbrev  0x00002c92      0x299 ./Drivers/STM32WLxx_HAL_Driver/Src/stm32wlxx_hal_subghz.o
 .debug_abbrev  0x00002f2b      0x352 ./Drivers/STM32WLxx_HAL_Driver/Src/stm32wlxx_hal_uart.o
 .debug_abbrev  0x0000327d      0x2d2 ./Drivers/STM32WLxx_HAL_Driver/Src/stm32wlxx_hal_uart_ex.o
 .debug_abbrev  0x0000354f       0xbd ./Utils/misc/stm32_mem.o

.debug_aranges  0x00000000     0x1598
 .debug_aranges
                0x00000000       0x28 ./Core/Src/gpio.o
 .debug_aranges
                0x00000028       0x88 ./Core/Src/main.o
 .debug_aranges
                0x000000b0       0x20 ./Core/Src/stm32wlxx_hal_msp.o
 .debug_aranges
                0x000000d0       0x70 ./Core/Src/stm32wlxx_it.o
 .debug_aranges
                0x00000140       0x40 ./Core/Src/subghz.o
 .debug_aranges
                0x00000180       0x20 ./Core/Src/sysmem.o
 .debug_aranges
                0x000001a0       0x28 ./Core/Src/system_stm32wlxx.o
 .debug_aranges
                0x000001c8       0x48 ./Core/Src/usart.o
 .debug_aranges
                0x00000210       0x28 ./Core/Startup/startup_stm32wl55jcix.o
 .debug_aranges
                0x00000238       0x98 ./Drivers/BSP/STM32WLxx_Nucleo/stm32wlxx_nucleo.o
 .debug_aranges
                0x000002d0       0x58 ./Drivers/BSP/STM32WLxx_Nucleo/stm32wlxx_nucleo_radio.o
 .debug_aranges
                0x00000328       0x50 ./Drivers/Radio_Driver/radio_board_if.o
 .debug_aranges
                0x00000378      0x240 ./Drivers/Radio_Driver/radio_driver.o
 .debug_aranges
                0x000005b8      0x240 ./Drivers/STM32WLxx_HAL_Driver/Src/stm32wlxx_hal.o
 .debug_aranges
                0x000007f8      0x128 ./Drivers/STM32WLxx_HAL_Driver/Src/stm32wlxx_hal_cortex.o
 .debug_aranges
                0x00000920       0xa0 ./Drivers/STM32WLxx_HAL_Driver/Src/stm32wlxx_hal_dma.o
 .debug_aranges
                0x000009c0       0x60 ./Drivers/STM32WLxx_HAL_Driver/Src/stm32wlxx_hal_gpio.o
 .debug_aranges
                0x00000a20       0xc8 ./Drivers/STM32WLxx_HAL_Driver/Src/stm32wlxx_hal_pwr.o
 .debug_aranges
                0x00000ae8      0x200 ./Drivers/STM32WLxx_HAL_Driver/Src/stm32wlxx_hal_pwr_ex.o
 .debug_aranges
                0x00000ce8      0x230 ./Drivers/STM32WLxx_HAL_Driver/Src/stm32wlxx_hal_rcc.o
 .debug_aranges
                0x00000f18      0x1e8 ./Drivers/STM32WLxx_HAL_Driver/Src/stm32wlxx_hal_rcc_ex.o
 .debug_aranges
                0x00001100      0x168 ./Drivers/STM32WLxx_HAL_Driver/Src/stm32wlxx_hal_subghz.o
 .debug_aranges
                0x00001268      0x258 ./Drivers/STM32WLxx_HAL_Driver/Src/stm32wlxx_hal_uart.o
 .debug_aranges
                0x000014c0       0xa8 ./Drivers/STM32WLxx_HAL_Driver/Src/stm32wlxx_hal_uart_ex.o
 .debug_aranges
                0x00001568       0x30 ./Utils/misc/stm32_mem.o

.debug_rnglists
                0x00000000     0x1043
 .debug_rnglists
                0x00000000       0x19 ./Core/Src/gpio.o
 .debug_rnglists
                0x00000019       0x67 ./Core/Src/main.o
 .debug_rnglists
                0x00000080       0x13 ./Core/Src/stm32wlxx_hal_msp.o
 .debug_rnglists
                0x00000093       0x4f ./Core/Src/stm32wlxx_it.o
 .debug_rnglists
                0x000000e2       0x2b ./Core/Src/subghz.o
 .debug_rnglists
                0x0000010d       0x13 ./Core/Src/sysmem.o
 .debug_rnglists
                0x00000120       0x1a ./Core/Src/system_stm32wlxx.o
 .debug_rnglists
                0x0000013a       0x33 ./Core/Src/usart.o
 .debug_rnglists
                0x0000016d       0x19 ./Core/Startup/startup_stm32wl55jcix.o
 .debug_rnglists
                0x00000186       0x6e ./Drivers/BSP/STM32WLxx_Nucleo/stm32wlxx_nucleo.o
 .debug_rnglists
                0x000001f4       0x3e ./Drivers/BSP/STM32WLxx_Nucleo/stm32wlxx_nucleo_radio.o
 .debug_rnglists
                0x00000232       0x37 ./Drivers/Radio_Driver/radio_board_if.o
 .debug_rnglists
                0x00000269      0x1b6 ./Drivers/Radio_Driver/radio_driver.o
 .debug_rnglists
                0x0000041f      0x1ab ./Drivers/STM32WLxx_HAL_Driver/Src/stm32wlxx_hal.o
 .debug_rnglists
                0x000005ca       0xd9 ./Drivers/STM32WLxx_HAL_Driver/Src/stm32wlxx_hal_cortex.o
 .debug_rnglists
                0x000006a3       0x7e ./Drivers/STM32WLxx_HAL_Driver/Src/stm32wlxx_hal_dma.o
 .debug_rnglists
                0x00000721       0x45 ./Drivers/STM32WLxx_HAL_Driver/Src/stm32wlxx_hal_gpio.o
 .debug_rnglists
                0x00000766       0x91 ./Drivers/STM32WLxx_HAL_Driver/Src/stm32wlxx_hal_pwr.o
 .debug_rnglists
                0x000007f7      0x180 ./Drivers/STM32WLxx_HAL_Driver/Src/stm32wlxx_hal_pwr_ex.o
 .debug_rnglists
                0x00000977      0x1a6 ./Drivers/STM32WLxx_HAL_Driver/Src/stm32wlxx_hal_rcc.o
 .debug_rnglists
                0x00000b1d      0x16e ./Drivers/STM32WLxx_HAL_Driver/Src/stm32wlxx_hal_rcc_ex.o
 .debug_rnglists
                0x00000c8b      0x114 ./Drivers/STM32WLxx_HAL_Driver/Src/stm32wlxx_hal_subghz.o
 .debug_rnglists
                0x00000d9f      0x206 ./Drivers/STM32WLxx_HAL_Driver/Src/stm32wlxx_hal_uart.o
 .debug_rnglists
                0x00000fa5       0x7f ./Drivers/STM32WLxx_HAL_Driver/Src/stm32wlxx_hal_uart_ex.o
 .debug_rnglists
                0x00001024       0x1f ./Utils/misc/stm32_mem.o

.debug_macro    0x00000000    0x1e894
 .debug_macro   0x00000000      0x237 ./Core/Src/gpio.o
 .debug_macro   0x00000237      0xad2 ./Core/Src/gpio.o
 .debug_macro   0x00000d09      0x124 ./Core/Src/gpio.o
 .debug_macro   0x00000e2d       0x2e ./Core/Src/gpio.o
 .debug_macro   0x00000e5b       0x3a ./Core/Src/gpio.o
 .debug_macro   0x00000e95       0x22 ./Core/Src/gpio.o
 .debug_macro   0x00000eb7       0x8e ./Core/Src/gpio.o
 .debug_macro   0x00000f45       0x51 ./Core/Src/gpio.o
 .debug_macro   0x00000f96      0x103 ./Core/Src/gpio.o
 .debug_macro   0x00001099       0x6a ./Core/Src/gpio.o
 .debug_macro   0x00001103      0x1df ./Core/Src/gpio.o
 .debug_macro   0x000012e2       0x1c ./Core/Src/gpio.o
 .debug_macro   0x000012fe       0x22 ./Core/Src/gpio.o
 .debug_macro   0x00001320       0xfb ./Core/Src/gpio.o
 .debug_macro   0x0000141b     0x1011 ./Core/Src/gpio.o
 .debug_macro   0x0000242c      0x11f ./Core/Src/gpio.o
 .debug_macro   0x0000254b     0xf31a ./Core/Src/gpio.o
 .debug_macro   0x00011865       0x6d ./Core/Src/gpio.o
 .debug_macro   0x000118d2     0x341d ./Core/Src/gpio.o
 .debug_macro   0x00014cef      0x190 ./Core/Src/gpio.o
 .debug_macro   0x00014e7f       0x5c ./Core/Src/gpio.o
 .debug_macro   0x00014edb      0x416 ./Core/Src/gpio.o
 .debug_macro   0x000152f1      0x29c ./Core/Src/gpio.o
 .debug_macro   0x0001558d      0x35a ./Core/Src/gpio.o
 .debug_macro   0x000158e7      0x196 ./Core/Src/gpio.o
 .debug_macro   0x00015a7d       0x4a ./Core/Src/gpio.o
 .debug_macro   0x00015ac7      0x236 ./Core/Src/gpio.o
 .debug_macro   0x00015cfd      0x229 ./Core/Src/gpio.o
 .debug_macro   0x00015f26      0x3fa ./Core/Src/gpio.o
 .debug_macro   0x00016320       0x2e ./Core/Src/gpio.o
 .debug_macro   0x0001634e      0x107 ./Core/Src/gpio.o