../Drivers/STM32WLxx_HAL_Driver/Inc/stm32wlxx_ll_bus.h:449:22:LL_AHB2_GRP1_EnableClock	24	static
../Drivers/BSP/STM32WLxx_Nucleo/stm32wlxx_nucleo_radio.c:46:9:BSP_RADIO_Init	32	static
../Drivers/BSP/STM32WLxx_Nucleo/stm32wlxx_nucleo_radio.c:78:9:BSP_RADIO_DeInit	8	static
../Drivers/BSP/STM32WLxx_Nucleo/stm32wlxx_nucleo_radio.c:105:9:BSP_RADIO_ConfigRFSwitch	16	static
../Drivers/BSP/STM32WLxx_Nucleo/stm32wlxx_nucleo_radio.c:155:9:BSP_RADIO_GetTxConfig	4	static
../Drivers/BSP/STM32WLxx_Nucleo/stm32wlxx_nucleo_radio.c:167:9:BSP_RADIO_IsTCXO	4	static
../Drivers/BSP/STM32WLxx_Nucleo/stm32wlxx_nucleo_radio.c:179:9:BSP_RADIO_IsDCDC	4	static
../Drivers/BSP/STM32WLxx_Nucleo/stm32wlxx_nucleo_radio.c:190:9:BSP_RADIO_GetRFOMaxPowerConfig	24	static
