../Core/Src/main.c:118:5:main	280	static
../Core/Src/main.c:198:6:SystemClock_Config	112	static
../Core/Src/main.c:244:6:UART_Transmit	16	static
../Core/Src/main.c:248:6:resetTerminal	8	static
../Core/Src/main.c:253:6:interruptTerminal	24	static
../Core/Src/main.c:261:6:HAL_UART_RxCpltCallback	16	static
../Core/Src/main.c:287:6:Radio_DIO_IRq_Callback_Handler	16	static
../Core/Src/main.c:334:6:Radio_Init	40	static
../Core/Src/main.c:380:6:SUBGRF_Transmit	24	static
../Core/Src/main.c:392:6:start_TX_mode	24	static
../Core/Src/main.c:407:6:start_RX_mode	24	static
../Core/Src/main.c:425:6:timeout_error_event	16	static
../Core/Src/main.c:433:6:RX_done_event	48	static
../Core/Src/main.c:479:6:Error_Handler	4	static,ignoring_inline_asm
