../Core/Src/main.c:117:5:main	280	static
../Core/Src/main.c:197:6:SystemClock_Config	112	static
../Core/Src/main.c:243:6:UART_Transmit	16	static
../Core/Src/main.c:247:6:resetTerminal	8	static
../Core/Src/main.c:252:6:interruptTerminal	24	static
../Core/Src/main.c:260:6:HAL_UART_RxCpltCallback	16	static
../Core/Src/main.c:285:6:Radio_DIO_IRq_Callback_Handler	16	static
../Core/Src/main.c:323:6:Radio_Init	40	static
../Core/Src/main.c:369:6:SUBGRF_Transmit	24	static
../Core/Src/main.c:381:6:start_TX_mode	16	static
../Core/Src/main.c:393:6:start_RX_mode	24	static
../Core/Src/main.c:411:6:RX_error_event	16	static
../Core/Src/main.c:419:6:RX_done_event	40	static
../Core/Src/main.c:462:6:Error_Handler	4	static,ignoring_inline_asm
